Archive member included to satisfy reference by file (symbol)

c:/vsarm/armcc/bin/../lib/gcc/arm-none-eabi/9.3.1/../../../../arm-none-eabi/lib/thumb/v7e-m+dp/hard\libc.a(lib_a-exit.o)
                              c:/vsarm/armcc/bin/../lib/gcc/arm-none-eabi/9.3.1/../../../../arm-none-eabi/lib/thumb/v7e-m+dp/hard/crt0.o (exit)
c:/vsarm/armcc/bin/../lib/gcc/arm-none-eabi/9.3.1/../../../../arm-none-eabi/lib/thumb/v7e-m+dp/hard\libc.a(lib_a-impure.o)
                              c:/vsarm/armcc/bin/../lib/gcc/arm-none-eabi/9.3.1/../../../../arm-none-eabi/lib/thumb/v7e-m+dp/hard\libc.a(lib_a-exit.o) (_global_impure_ptr)
c:/vsarm/armcc/bin/../lib/gcc/arm-none-eabi/9.3.1/../../../../arm-none-eabi/lib/thumb/v7e-m+dp/hard\libc.a(lib_a-init.o)
                              c:/vsarm/armcc/bin/../lib/gcc/arm-none-eabi/9.3.1/../../../../arm-none-eabi/lib/thumb/v7e-m+dp/hard/crt0.o (__libc_init_array)
c:/vsarm/armcc/bin/../lib/gcc/arm-none-eabi/9.3.1/../../../../arm-none-eabi/lib/thumb/v7e-m+dp/hard\libc.a(lib_a-memset.o)
                              c:/vsarm/armcc/bin/../lib/gcc/arm-none-eabi/9.3.1/../../../../arm-none-eabi/lib/thumb/v7e-m+dp/hard/crt0.o (memset)
c:/vsarm/armcc/bin/../lib/gcc/arm-none-eabi/9.3.1/../../../../arm-none-eabi/lib/thumb/v7e-m+dp/hard\libc.a(lib_a-sprintf.o)
                              build/main.o (sprintf)
c:/vsarm/armcc/bin/../lib/gcc/arm-none-eabi/9.3.1/../../../../arm-none-eabi/lib/thumb/v7e-m+dp/hard\libc.a(lib_a-strlen.o)
                              build/main.o (strlen)
c:/vsarm/armcc/bin/../lib/gcc/arm-none-eabi/9.3.1/../../../../arm-none-eabi/lib/thumb/v7e-m+dp/hard\libc.a(lib_a-svfprintf.o)
                              c:/vsarm/armcc/bin/../lib/gcc/arm-none-eabi/9.3.1/../../../../arm-none-eabi/lib/thumb/v7e-m+dp/hard\libc.a(lib_a-sprintf.o) (_svfprintf_r)
c:/vsarm/armcc/bin/../lib/gcc/arm-none-eabi/9.3.1/../../../../arm-none-eabi/lib/thumb/v7e-m+dp/hard\libc.a(lib_a-__call_atexit.o)
                              c:/vsarm/armcc/bin/../lib/gcc/arm-none-eabi/9.3.1/../../../../arm-none-eabi/lib/thumb/v7e-m+dp/hard\libc.a(lib_a-exit.o) (__call_exitprocs)
c:/vsarm/armcc/bin/../lib/gcc/arm-none-eabi/9.3.1/../../../../arm-none-eabi/lib/thumb/v7e-m+dp/hard\libc.a(lib_a-atexit.o)
                              c:/vsarm/armcc/bin/../lib/gcc/arm-none-eabi/9.3.1/../../../../arm-none-eabi/lib/thumb/v7e-m+dp/hard\libc.a(lib_a-__call_atexit.o) (atexit)
c:/vsarm/armcc/bin/../lib/gcc/arm-none-eabi/9.3.1/../../../../arm-none-eabi/lib/thumb/v7e-m+dp/hard\libc.a(lib_a-dtoa.o)
                              c:/vsarm/armcc/bin/../lib/gcc/arm-none-eabi/9.3.1/../../../../arm-none-eabi/lib/thumb/v7e-m+dp/hard\libc.a(lib_a-svfprintf.o) (_dtoa_r)
c:/vsarm/armcc/bin/../lib/gcc/arm-none-eabi/9.3.1/../../../../arm-none-eabi/lib/thumb/v7e-m+dp/hard\libc.a(lib_a-fini.o)
                              c:/vsarm/armcc/bin/../lib/gcc/arm-none-eabi/9.3.1/../../../../arm-none-eabi/lib/thumb/v7e-m+dp/hard\libc.a(lib_a-__call_atexit.o) (__libc_fini_array)
c:/vsarm/armcc/bin/../lib/gcc/arm-none-eabi/9.3.1/../../../../arm-none-eabi/lib/thumb/v7e-m+dp/hard\libc.a(lib_a-freer.o)
                              c:/vsarm/armcc/bin/../lib/gcc/arm-none-eabi/9.3.1/../../../../arm-none-eabi/lib/thumb/v7e-m+dp/hard\libc.a(lib_a-svfprintf.o) (_free_r)
c:/vsarm/armcc/bin/../lib/gcc/arm-none-eabi/9.3.1/../../../../arm-none-eabi/lib/thumb/v7e-m+dp/hard\libc.a(lib_a-localeconv.o)
                              c:/vsarm/armcc/bin/../lib/gcc/arm-none-eabi/9.3.1/../../../../arm-none-eabi/lib/thumb/v7e-m+dp/hard\libc.a(lib_a-svfprintf.o) (_localeconv_r)
c:/vsarm/armcc/bin/../lib/gcc/arm-none-eabi/9.3.1/../../../../arm-none-eabi/lib/thumb/v7e-m+dp/hard\libc.a(lib_a-lock.o)
                              c:/vsarm/armcc/bin/../lib/gcc/arm-none-eabi/9.3.1/../../../../arm-none-eabi/lib/thumb/v7e-m+dp/hard\libc.a(lib_a-__call_atexit.o) (__retarget_lock_acquire_recursive)
c:/vsarm/armcc/bin/../lib/gcc/arm-none-eabi/9.3.1/../../../../arm-none-eabi/lib/thumb/v7e-m+dp/hard\libc.a(lib_a-mallocr.o)
                              c:/vsarm/armcc/bin/../lib/gcc/arm-none-eabi/9.3.1/../../../../arm-none-eabi/lib/thumb/v7e-m+dp/hard\libc.a(lib_a-svfprintf.o) (_malloc_r)
c:/vsarm/armcc/bin/../lib/gcc/arm-none-eabi/9.3.1/../../../../arm-none-eabi/lib/thumb/v7e-m+dp/hard\libc.a(lib_a-memchr.o)
                              c:/vsarm/armcc/bin/../lib/gcc/arm-none-eabi/9.3.1/../../../../arm-none-eabi/lib/thumb/v7e-m+dp/hard\libc.a(lib_a-svfprintf.o) (memchr)
c:/vsarm/armcc/bin/../lib/gcc/arm-none-eabi/9.3.1/../../../../arm-none-eabi/lib/thumb/v7e-m+dp/hard\libc.a(lib_a-memcpy.o)
                              c:/vsarm/armcc/bin/../lib/gcc/arm-none-eabi/9.3.1/../../../../arm-none-eabi/lib/thumb/v7e-m+dp/hard\libc.a(lib_a-dtoa.o) (memcpy)
c:/vsarm/armcc/bin/../lib/gcc/arm-none-eabi/9.3.1/../../../../arm-none-eabi/lib/thumb/v7e-m+dp/hard\libc.a(lib_a-mlock.o)
[...]
Memory Configuration

Name             Origin             Length             Attributes
RAM              0x20000000         0x00080000         xrw
FLASH            0x08000000         0x00200000         xr
*default*        0x00000000         0xffffffff

Linker script and memory map

LOAD c:/vsarm/armcc/bin/../lib/gcc/arm-none-eabi/9.3.1/thumb/v7e-m+dp/hard/crti.o
LOAD c:/vsarm/armcc/bin/../lib/gcc/arm-none-eabi/9.3.1/thumb/v7e-m+dp/hard/crtbegin.o
LOAD c:/vsarm/armcc/bin/../lib/gcc/arm-none-eabi/9.3.1/../../../../arm-none-eabi/lib/thumb/v7e-m+dp/hard/crt0.o
LOAD build/stm32f7xx_hal.o
LOAD build/stm32f7xx_hal_cortex.o
LOAD build/stm32f7xx_hal_dma.o
LOAD build/stm32f7xx_hal_dma_ex.o
LOAD build/stm32f7xx_hal_exti.o
LOAD build/stm32f7xx_hal_flash.o
LOAD build/stm32f7xx_hal_flash_ex.o
LOAD build/stm32f7xx_hal_gpio.o
LOAD build/stm32f7xx_hal_i2c.o
LOAD build/stm32f7xx_hal_i2c_ex.o
LOAD build/stm32f7xx_hal_pwr.o
LOAD build/stm32f7xx_hal_pwr_ex.o
LOAD build/stm32f7xx_hal_rcc.o
LOAD build/stm32f7xx_hal_rcc_ex.o
LOAD build/stm32f7xx_hal_rng.o
LOAD build/stm32f7xx_hal_spi.o
LOAD build/stm32f7xx_hal_spi_ex.o
LOAD build/stm32f7xx_hal_tim.o
LOAD build/stm32f7xx_hal_tim_ex.o
LOAD build/stm32f7xx_hal_uart.o
LOAD build/stm32f7xx_hal_uart_ex.o
LOAD build/ILI9341_GFX.o
LOAD build/ILI9341_STM32_Driver.o
LOAD build/ILI9341_Touchscreen.o
LOAD build/gpio.o
LOAD build/i2c.o
LOAD build/main.o
LOAD build/rng.o
LOAD build/spi.o
LOAD build/stm32f7xx_hal_msp.o
LOAD build/stm32f7xx_it.o
LOAD build/sys.o
LOAD build/system_stm32f7xx.o
LOAD build/tim.o
LOAD build/usart.o
LOAD build/startup_stm32f767xx.o
LOAD c:/vsarm/armcc/bin/../lib/gcc/arm-none-eabi/9.3.1/../../../../arm-none-eabi/lib/thumb/v7e-m+dp/hard\libc.a
LOAD c:/vsarm/armcc/bin/../lib/gcc/arm-none-eabi/9.3.1/../../../../arm-none-eabi/lib/thumb/v7e-m+dp/hard\libm.a
LOAD c:/vsarm/armcc/bin/../lib/gcc/arm-none-eabi/9.3.1/../../../../arm-none-eabi/lib/thumb/v7e-m+dp/hard\libnosys.a
START GROUP
LOAD c:/vsarm/armcc/bin/../lib/gcc/arm-none-eabi/9.3.1/thumb/v7e-m+dp/hard\libgcc.a
LOAD c:/vsarm/armcc/bin/../lib/gcc/arm-none-eabi/9.3.1/../../../../arm-none-eabi/lib/thumb/v7e-m+dp/hard\libc.a
END GROUP
START GROUP
LOAD c:/vsarm/armcc/bin/../lib/gcc/arm-none-eabi/9.3.1/thumb/v7e-m+dp/hard\libgcc.a
LOAD c:/vsarm/armcc/bin/../lib/gcc/arm-none-eabi/9.3.1/../../../../arm-none-eabi/lib/thumb/v7e-m+dp/hard\libc.a
LOAD c:/vsarm/armcc/bin/../lib/gcc/arm-none-eabi/9.3.1/../../../../arm-none-eabi/lib/thumb/v7e-m+dp/hard\libnosys.a
END GROUP
LOAD c:/vsarm/armcc/bin/../lib/gcc/arm-none-eabi/9.3.1/thumb/v7e-m+dp/hard/crtend.o
LOAD c:/vsarm/armcc/bin/../lib/gcc/arm-none-eabi/9.3.1/thumb/v7e-m+dp/hard/crtn.o
                0x20080000                _estack = 0x20080000
                0x00000200                _Min_Heap_Size = 0x200
                0x00000400                _Min_Stack_Size = 0x400

.isr_vector     0x08000000      0x1f8
                0x08000000                . = ALIGN (0x4)
 *(.isr_vector)
 .isr_vector    0x08000000      0x1f8 build/startup_stm32f767xx.o
                0x08000000                g_pfnVectors
                0x080001f8                . = ALIGN (0x4)

.text           0x08000200     0x9854
                0x08000200                . = ALIGN (0x4)
 *(.text)
 .text          0x08000200       0x40 c:/vsarm/armcc/bin/../lib/gcc/arm-none-eabi/9.3.1/thumb/v7e-m+dp/hard/crtbegin.o
 .text          0x08000240       0xdc c:/vsarm/armcc/bin/../lib/gcc/arm-none-eabi/9.3.1/../../../../arm-none-eabi/lib/thumb/v7e-m+dp/hard\libc.a(lib_a-strlen.o)
                0x08000240                strlen
 *fill*         0x0800031c        0x4 
 .text          0x08000320       0xa0 c:/vsarm/armcc/bin/../lib/gcc/arm-none-eabi/9.3.1/../../../../arm-none-eabi/lib/thumb/v7e-m+dp/hard\libc.a(lib_a-memchr.o)
                0x08000320                memchr
 .text          0x080003c0      0x134 c:/vsarm/armcc/bin/../lib/gcc/arm-none-eabi/9.3.1/../../../../arm-none-eabi/lib/thumb/v7e-m+dp/hard\libc.a(lib_a-memcpy.o)
                0x080003c0                memcpy
 .text          0x080004f4       0x30 c:/vsarm/armcc/bin/../lib/gcc/arm-none-eabi/9.3.1/thumb/v7e-m+dp/hard\libgcc.a(_aeabi_uldivmod.o)
                0x080004f4                __aeabi_uldivmod
 .text          0x08000524      0x2c4 c:/vsarm/armcc/bin/../lib/gcc/arm-none-eabi/9.3.1/thumb/v7e-m+dp/hard\libgcc.a(_udivmoddi4.o)
                0x08000524                __udivmoddi4
 .text          0x080007e8        0x4 c:/vsarm/armcc/bin/../lib/gcc/arm-none-eabi/9.3.1/thumb/v7e-m+dp/hard\libgcc.a(_dvmd_tls.o)
                0x080007e8                __aeabi_idiv0
                0x080007e8                __aeabi_ldiv0
 *(.text*)
 .text.HAL_InitTick
                0x080007ec       0x4c build/stm32f7xx_hal.o
                0x080007ec                HAL_InitTick
 .text.HAL_Init
                0x08000838       0x2c build/stm32f7xx_hal.o
                0x08000838                HAL_Init
 .text.HAL_IncTick
                0x08000864       0x18 build/stm32f7xx_hal.o
                0x08000864                HAL_IncTick
 .text.HAL_GetTick
                0x0800087c        0xc build/stm32f7xx_hal.o
                0x0800087c                HAL_GetTick
 .text.HAL_Delay
                0x08000888       0x28 build/stm32f7xx_hal.o
                0x08000888                HAL_Delay
 .text.HAL_NVIC_SetPriorityGrouping
                0x080008b0       0x24 build/stm32f7xx_hal_cortex.o
                0x080008b0                HAL_NVIC_SetPriorityGrouping
 .text.HAL_NVIC_SetPriority
                0x080008d4       0x64 build/stm32f7xx_hal_cortex.o
                0x080008d4                HAL_NVIC_SetPriority
 .text.HAL_NVIC_EnableIRQ
                0x08000938       0x1c build/stm32f7xx_hal_cortex.o
                0x08000938                HAL_NVIC_EnableIRQ
 .text.HAL_SYSTICK_Config
                0x08000954       0x2c build/stm32f7xx_hal_cortex.o
                0x08000954                HAL_SYSTICK_Config
 .text.HAL_GPIO_Init
                0x08000980      0x1e0 build/stm32f7xx_hal_gpio.o
                0x08000980                HAL_GPIO_Init
 .text.HAL_GPIO_ReadPin
                0x08000b60        0xe build/stm32f7xx_hal_gpio.o
                0x08000b60                HAL_GPIO_ReadPin
 .text.HAL_GPIO_WritePin
                0x08000b6e        0xc build/stm32f7xx_hal_gpio.o
                0x08000b6e                HAL_GPIO_WritePin
 *fill*         0x08000b7a        0x2 
 .text.HAL_I2C_Init
                0x08000b7c       0xbc build/stm32f7xx_hal_i2c.o
                0x08000b7c                HAL_I2C_Init
 .text.HAL_I2CEx_ConfigAnalogFilter
                0x08000c38       0x5c build/stm32f7xx_hal_i2c_ex.o
                0x08000c38                HAL_I2CEx_ConfigAnalogFilter
 .text.HAL_I2CEx_ConfigDigitalFilter
                0x08000c94       0x58 build/stm32f7xx_hal_i2c_ex.o
                0x08000c94                HAL_I2CEx_ConfigDigitalFilter
 .text.HAL_PWR_EnableBkUpAccess
                0x08000cec       0x10 build/stm32f7xx_hal_pwr.o
                0x08000cec                HAL_PWR_EnableBkUpAccess
 .text.HAL_PWREx_EnableOverDrive
                0x08000cfc       0x7c build/stm32f7xx_hal_pwr_ex.o
                0x08000cfc                HAL_PWREx_EnableOverDrive
 .text.HAL_RCC_OscConfig
                0x08000d78      0x3d4 build/stm32f7xx_hal_rcc.o
                0x08000d78                HAL_RCC_OscConfig
 .text.HAL_RCC_GetSysClockFreq
                0x0800114c       0xcc build/stm32f7xx_hal_rcc.o
                0x0800114c                HAL_RCC_GetSysClockFreq
 .text.HAL_RCC_ClockConfig
                0x08001218      0x164 build/stm32f7xx_hal_rcc.o
                0x08001218                HAL_RCC_ClockConfig
 .text.HAL_RCC_GetHCLKFreq
                0x0800137c        0xc build/stm32f7xx_hal_rcc.o
                0x0800137c                HAL_RCC_GetHCLKFreq
 .text.HAL_RCC_GetPCLK1Freq
                0x08001388       0x20 build/stm32f7xx_hal_rcc.o
                0x08001388                HAL_RCC_GetPCLK1Freq
 .text.HAL_RCC_GetPCLK2Freq
                0x080013a8       0x20 build/stm32f7xx_hal_rcc.o
                0x080013a8                HAL_RCC_GetPCLK2Freq
 .text.HAL_RCCEx_PeriphCLKConfig
                0x080013c8      0x604 build/stm32f7xx_hal_rcc_ex.o
                0x080013c8                HAL_RCCEx_PeriphCLKConfig
 .text.HAL_RNG_Init
                0x080019cc       0x2e build/stm32f7xx_hal_rng.o
                0x080019cc                HAL_RNG_Init
 .text.SPI_WaitFlagStateUntilTimeout
                0x080019fa       0x94 build/stm32f7xx_hal_spi.o
 .text.SPI_WaitFifoStateUntilTimeout
                0x08001a8e       0xae build/stm32f7xx_hal_spi.o
 .text.SPI_EndRxTxTransaction
                0x08001b3c       0x62 build/stm32f7xx_hal_spi.o
 .text.HAL_SPI_Init
                0x08001b9e       0xba build/stm32f7xx_hal_spi.o
                0x08001b9e                HAL_SPI_Init
 .text.HAL_SPI_Transmit
                0x08001c58      0x1f2 build/stm32f7xx_hal_spi.o
                0x08001c58                HAL_SPI_Transmit
 .text.TIM_TI1_ConfigInputStage
                0x08001e4a       0x24 build/stm32f7xx_hal_tim.o
 .text.TIM_TI2_ConfigInputStage
                0x08001e6e       0x26 build/stm32f7xx_hal_tim.o
 .text.TIM_ITRx_SetConfig
                0x08001e94       0x10 build/stm32f7xx_hal_tim.o
 .text.HAL_TIM_Base_Start_IT
                0x08001ea4       0x2c build/stm32f7xx_hal_tim.o
                0x08001ea4                HAL_TIM_Base_Start_IT
 .text.HAL_TIM_PeriodElapsedCallback
                0x08001ed0        0x2 build/stm32f7xx_hal_tim.o
                0x08001ed0                HAL_TIM_PeriodElapsedCallback
 .text.HAL_TIM_OC_DelayElapsedCallback
                0x08001ed2        0x2 build/stm32f7xx_hal_tim.o
                0x08001ed2                HAL_TIM_OC_DelayElapsedCallback
 .text.HAL_TIM_IC_CaptureCallback
                0x08001ed4        0x2 build/stm32f7xx_hal_tim.o
                0x08001ed4                HAL_TIM_IC_CaptureCallback
 .text.HAL_TIM_PWM_PulseFinishedCallback
                0x08001ed6        0x2 build/stm32f7xx_hal_tim.o
                0x08001ed6                HAL_TIM_PWM_PulseFinishedCallback
 .text.HAL_TIM_TriggerCallback
                0x08001ed8        0x2 build/stm32f7xx_hal_tim.o
                0x08001ed8                HAL_TIM_TriggerCallback
 .text.HAL_TIM_IRQHandler
                0x08001eda      0x19a build/stm32f7xx_hal_tim.o
                0x08001eda                HAL_TIM_IRQHandler
 .text.TIM_Base_SetConfig
                0x08002074      0x10c build/stm32f7xx_hal_tim.o
                0x08002074                TIM_Base_SetConfig
 .text.HAL_TIM_Base_Init
                0x08002180       0x34 build/stm32f7xx_hal_tim.o
                0x08002180                HAL_TIM_Base_Init
 .text.TIM_ETR_SetConfig
                0x080021b4       0x18 build/stm32f7xx_hal_tim.o
                0x080021b4                TIM_ETR_SetConfig
 .text.HAL_TIM_ConfigClockSource
                0x080021cc       0xdc build/stm32f7xx_hal_tim.o
                0x080021cc                HAL_TIM_ConfigClockSource
 .text.HAL_TIMEx_MasterConfigSynchronization
                0x080022a8       0x64 build/stm32f7xx_hal_tim_ex.o
                0x080022a8                HAL_TIMEx_MasterConfigSynchronization
 .text.HAL_TIMEx_CommutCallback
                0x0800230c        0x2 build/stm32f7xx_hal_tim_ex.o
                0x0800230c                HAL_TIMEx_CommutCallback
 .text.HAL_TIMEx_BreakCallback
                0x0800230e        0x2 build/stm32f7xx_hal_tim_ex.o
                0x0800230e                HAL_TIMEx_BreakCallback
 .text.HAL_TIMEx_Break2Callback
                0x08002310        0x2 build/stm32f7xx_hal_tim_ex.o
                0x08002310                HAL_TIMEx_Break2Callback
 *fill*         0x08002312        0x2 
 .text.UART_SetConfig
                0x08002314      0x3a0 build/stm32f7xx_hal_uart.o
                0x08002314                UART_SetConfig
 .text.UART_AdvFeatureConfig
                0x080026b4       0xca build/stm32f7xx_hal_uart.o
                0x080026b4                UART_AdvFeatureConfig
 .text.UART_WaitOnFlagUntilTimeout
                0x0800277e       0x64 build/stm32f7xx_hal_uart.o
                0x0800277e                UART_WaitOnFlagUntilTimeout
 .text.HAL_UART_Transmit
                0x080027e2       0xda build/stm32f7xx_hal_uart.o
                0x080027e2                HAL_UART_Transmit
 .text.HAL_UART_Receive
                0x080028bc      0x122 build/stm32f7xx_hal_uart.o
                0x080028bc                HAL_UART_Receive
 .text.UART_CheckIdleState
                0x080029de       0x44 build/stm32f7xx_hal_uart.o
                0x080029de                UART_CheckIdleState
 .text.HAL_UART_Init
                0x08002a22       0x62 build/stm32f7xx_hal_uart.o
                0x08002a22                HAL_UART_Init
 .text.ILI9341_Draw_Filled_Circle
                0x08002a84       0xb8 build/ILI9341_GFX.o
                0x08002a84                ILI9341_Draw_Filled_Circle
 .text.ILI9341_Draw_Char
                0x08002b3c       0xb8 build/ILI9341_GFX.o
                0x08002b3c                ILI9341_Draw_Char
 .text.ILI9341_Draw_Text
                0x08002bf4       0x3e build/ILI9341_GFX.o
                0x08002bf4                ILI9341_Draw_Text
 *fill*         0x08002c32        0x2 
 .text.ILI9341_SPI_Init
                0x08002c34       0x1c build/ILI9341_STM32_Driver.o
                0x08002c34                ILI9341_SPI_Init
 .text.ILI9341_SPI_Send
                0x08002c50       0x20 build/ILI9341_STM32_Driver.o
                0x08002c50                ILI9341_SPI_Send
 .text.ILI9341_Write_Command
                0x08002c70       0x38 build/ILI9341_STM32_Driver.o
                0x08002c70                ILI9341_Write_Command
 .text.ILI9341_Write_Data
                0x08002ca8       0x38 build/ILI9341_STM32_Driver.o
                0x08002ca8                ILI9341_Write_Data
 .text.ILI9341_Set_Address
                0x08002ce0       0x4e build/ILI9341_STM32_Driver.o
                0x08002ce0                ILI9341_Set_Address
 *fill*         0x08002d2e        0x2 
 .text.ILI9341_Reset
                0x08002d30       0x3c build/ILI9341_STM32_Driver.o
                0x08002d30                ILI9341_Reset
 .text.ILI9341_Set_Rotation
                0x08002d6c       0x7c build/ILI9341_STM32_Driver.o
                0x08002d6c                ILI9341_Set_Rotation
 .text.ILI9341_Enable
                0x08002de8       0x14 build/ILI9341_STM32_Driver.o
                0x08002de8                ILI9341_Enable
 .text.ILI9341_Init
                0x08002dfc      0x216 build/ILI9341_STM32_Driver.o
                0x08002dfc                ILI9341_Init
 *fill*         0x08003012        0x2 
 .text.ILI9341_Draw_Colour_Burst
                0x08003014       0x9c build/ILI9341_STM32_Driver.o
                0x08003014                ILI9341_Draw_Colour_Burst
 .text.ILI9341_Fill_Screen
                0x080030b0       0x34 build/ILI9341_STM32_Driver.o
                0x080030b0                ILI9341_Fill_Screen
 .text.ILI9341_Draw_Pixel
                0x080030e4      0x188 build/ILI9341_STM32_Driver.o
                0x080030e4                ILI9341_Draw_Pixel
 .text.ILI9341_Draw_Rectangle
                0x0800326c       0x70 build/ILI9341_STM32_Driver.o
                0x0800326c                ILI9341_Draw_Rectangle
 .text.TP_Read  0x080032dc       0x44 build/ILI9341_Touchscreen.o
                0x080032dc                TP_Read
 .text.TP_Write
                0x08003320       0x54 build/ILI9341_Touchscreen.o
                0x08003320                TP_Write
 *fill*         0x08003374        0x4 
 .text.TP_Read_Coordinates
                0x08003378      0x104 build/ILI9341_Touchscreen.o
                0x08003378                TP_Read_Coordinates
 .text.TP_Touchpad_Pressed
                0x0800347c       0x18 build/ILI9341_Touchscreen.o
                0x0800347c                TP_Touchpad_Pressed
 .text.MX_GPIO_Init
                0x08003494      0x1e8 build/gpio.o
                0x08003494                MX_GPIO_Init
 .text.MX_I2C1_Init
                0x0800367c       0x58 build/i2c.o
                0x0800367c                MX_I2C1_Init
 .text.HAL_I2C_MspInit
                0x080036d4       0x70 build/i2c.o
                0x080036d4                HAL_I2C_MspInit
 .text.h3_print
                0x08003744       0x2c build/main.o
                0x08003744                h3_print
 .text.h3_println
                0x08003770       0x34 build/main.o
                0x08003770                h3_println
 .text.h3_printc
                0x080037a4       0x30 build/main.o
                0x080037a4                h3_printc
 .text.h3_getch
                0x080037d4       0x30 build/main.o
                0x080037d4                h3_getch
 .text.clearUART
                0x08003804       0x2c build/main.o
                0x08003804                clearUART
 .text.Error_Handler
                0x08003830        0x2 build/main.o
                0x08003830                Error_Handler
 *fill*         0x08003832        0x2 
 .text.SystemClock_Config
                0x08003834       0xd8 build/main.o
                0x08003834                SystemClock_Config
 .text.main     0x0800390c      0x1c8 build/main.o
                0x0800390c                main
 .text.MX_RNG_Init
                0x08003ad4       0x20 build/rng.o
                0x08003ad4                MX_RNG_Init
 .text.HAL_RNG_MspInit
                0x08003af4       0x2c build/rng.o
                0x08003af4                HAL_RNG_MspInit
 .text.MX_SPI5_Init
                0x08003b20       0x48 build/spi.o
                0x08003b20                MX_SPI5_Init
 .text.HAL_SPI_MspInit
                0x08003b68       0x70 build/spi.o
                0x08003b68                HAL_SPI_MspInit
 .text.HAL_MspInit
                0x08003bd8       0x30 build/stm32f7xx_hal_msp.o
                0x08003bd8                HAL_MspInit
 .text.SysTick_Handler
                0x08003c08        0x8 build/stm32f7xx_it.o
                0x08003c08                SysTick_Handler
 .text.TIM2_IRQHandler
                0x08003c10       0x1c build/stm32f7xx_it.o
                0x08003c10                TIM2_IRQHandler
 .text.SystemInit
                0x08003c2c       0x50 build/system_stm32f7xx.o
                0x08003c2c                SystemInit
 .text.MX_TIM1_Init
                0x08003c7c       0x78 build/tim.o
                0x08003c7c                MX_TIM1_Init
 .text.MX_TIM2_Init
                0x08003cf4       0x70 build/tim.o
                0x08003cf4                MX_TIM2_Init
 .text.HAL_TIM_Base_MspInit
                0x08003d64       0x60 build/tim.o
                0x08003d64                HAL_TIM_Base_MspInit
 .text.MX_USART3_UART_Init
                0x08003dc4       0x38 build/usart.o
                0x08003dc4                MX_USART3_UART_Init
 .text.HAL_UART_MspInit
                0x08003dfc       0x70 build/usart.o
                0x08003dfc                HAL_UART_MspInit
 .text.Reset_Handler
                0x08003e6c       0x50 build/startup_stm32f767xx.o
                0x08003e6c                Reset_Handler
 .text.Default_Handler
                0x08003ebc        0x2 build/startup_stm32f767xx.o
                0x08003ebc                RTC_Alarm_IRQHandler
                0x08003ebc                EXTI2_IRQHandler
                0x08003ebc                TIM8_CC_IRQHandler
                0x08003ebc                DebugMon_Handler
                0x08003ebc                UART8_IRQHandler
                0x08003ebc                SPI4_IRQHandler
                0x08003ebc                TIM1_CC_IRQHandler
                0x08003ebc                DMA2_Stream5_IRQHandler
                0x08003ebc                HardFault_Handler
                0x08003ebc                JPEG_IRQHandler
                0x08003ebc                DMA1_Stream5_IRQHandler
                0x08003ebc                CAN3_RX1_IRQHandler
                0x08003ebc                PVD_IRQHandler
                0x08003ebc                TAMP_STAMP_IRQHandler
                0x08003ebc                PendSV_Handler
                0x08003ebc                NMI_Handler
                0x08003ebc                CAN2_RX1_IRQHandler
                0x08003ebc                EXTI3_IRQHandler
                0x08003ebc                TIM8_TRG_COM_TIM14_IRQHandler
                0x08003ebc                DFSDM1_FLT1_IRQHandler
                0x08003ebc                TIM1_UP_TIM10_IRQHandler
                0x08003ebc                TIM8_UP_TIM13_IRQHandler
                0x08003ebc                I2C3_ER_IRQHandler
                0x08003ebc                DFSDM1_FLT2_IRQHandler
                0x08003ebc                EXTI0_IRQHandler
                0x08003ebc                I2C2_EV_IRQHandler
                0x08003ebc                DMA1_Stream2_IRQHandler
                0x08003ebc                CAN1_RX0_IRQHandler
                0x08003ebc                FPU_IRQHandler
                0x08003ebc                OTG_HS_WKUP_IRQHandler
                0x08003ebc                CAN3_SCE_IRQHandler
                0x08003ebc                UsageFault_Handler
                0x08003ebc                LTDC_ER_IRQHandler
                0x08003ebc                CAN2_SCE_IRQHandler
                0x08003ebc                DMA2_Stream2_IRQHandler
                0x08003ebc                SPI1_IRQHandler
                0x08003ebc                TIM6_DAC_IRQHandler
                0x08003ebc                TIM1_BRK_TIM9_IRQHandler
                0x08003ebc                DCMI_IRQHandler
                0x08003ebc                CAN2_RX0_IRQHandler
                0x08003ebc                DMA2_Stream3_IRQHandler
                0x08003ebc                SAI2_IRQHandler
                0x08003ebc                DFSDM1_FLT3_IRQHandler
                0x08003ebc                USART6_IRQHandler
                0x08003ebc                CAN3_RX0_IRQHandler
                0x08003ebc                USART3_IRQHandler
                0x08003ebc                CAN1_RX1_IRQHandler
                0x08003ebc                UART5_IRQHandler
                0x08003ebc                DMA2_Stream0_IRQHandler
                0x08003ebc                TIM4_IRQHandler
                0x08003ebc                QUADSPI_IRQHandler
                0x08003ebc                I2C1_EV_IRQHandler
                0x08003ebc                DMA1_Stream6_IRQHandler
                0x08003ebc                DMA1_Stream1_IRQHandler
                0x08003ebc                UART4_IRQHandler
                0x08003ebc                TIM3_IRQHandler
                0x08003ebc                RCC_IRQHandler
                0x08003ebc                TIM8_BRK_TIM12_IRQHandler
                0x08003ebc                Default_Handler
                0x08003ebc                CEC_IRQHandler
                0x08003ebc                EXTI15_10_IRQHandler
                0x08003ebc                ADC_IRQHandler
                0x08003ebc                DMA1_Stream7_IRQHandler
                0x08003ebc                SPI5_IRQHandler
                0x08003ebc                TIM7_IRQHandler
                0x08003ebc                SDMMC1_IRQHandler
                0x08003ebc                CAN2_TX_IRQHandler
                0x08003ebc                TIM5_IRQHandler
                0x08003ebc                DMA2_Stream7_IRQHandler
                0x08003ebc                I2C3_EV_IRQHandler
                0x08003ebc                EXTI9_5_IRQHandler
                0x08003ebc                RTC_WKUP_IRQHandler
                0x08003ebc                LTDC_IRQHandler
                0x08003ebc                ETH_WKUP_IRQHandler
                0x08003ebc                SPDIF_RX_IRQHandler
                0x08003ebc                SPI2_IRQHandler
                0x08003ebc                OTG_HS_EP1_IN_IRQHandler
                0x08003ebc                MemManage_Handler
                0x08003ebc                DMA1_Stream0_IRQHandler
                0x08003ebc                CAN1_TX_IRQHandler
                0x08003ebc                SVC_Handler
                0x08003ebc                EXTI4_IRQHandler
                0x08003ebc                RNG_IRQHandler
                0x08003ebc                ETH_IRQHandler
                0x08003ebc                OTG_HS_EP1_OUT_IRQHandler
                0x08003ebc                WWDG_IRQHandler
                0x08003ebc                SPI6_IRQHandler
                0x08003ebc                MDIOS_IRQHandler
                0x08003ebc                I2C4_EV_IRQHandler
                0x08003ebc                CAN3_TX_IRQHandler
                0x08003ebc                OTG_FS_WKUP_IRQHandler
                0x08003ebc                TIM1_TRG_COM_TIM11_IRQHandler
                0x08003ebc                OTG_HS_IRQHandler
                0x08003ebc                DMA2D_IRQHandler
                0x08003ebc                EXTI1_IRQHandler
                0x08003ebc                SDMMC2_IRQHandler
                0x08003ebc                UART7_IRQHandler
                0x08003ebc                USART2_IRQHandler
                0x08003ebc                DFSDM1_FLT0_IRQHandler
                0x08003ebc                I2C2_ER_IRQHandler
                0x08003ebc                DMA2_Stream1_IRQHandler
                0x08003ebc                CAN1_SCE_IRQHandler
                0x08003ebc                FLASH_IRQHandler
                0x08003ebc                DMA2_Stream4_IRQHandler
                0x08003ebc                BusFault_Handler
                0x08003ebc                USART1_IRQHandler
                0x08003ebc                OTG_FS_IRQHandler
                0x08003ebc                SPI3_IRQHandler
                0x08003ebc                DMA1_Stream4_IRQHandler
                0x08003ebc                I2C1_ER_IRQHandler
                0x08003ebc                FMC_IRQHandler
                0x08003ebc                LPTIM1_IRQHandler
                0x08003ebc                I2C4_ER_IRQHandler
                0x08003ebc                DMA2_Stream6_IRQHandler
                0x08003ebc                SAI1_IRQHandler
                0x08003ebc                DMA1_Stream3_IRQHandler
 *fill*         0x08003ebe        0x2 
 .text.__libc_init_array
                0x08003ec0       0x48 c:/vsarm/armcc/bin/../lib/gcc/arm-none-eabi/9.3.1/../../../../arm-none-eabi/lib/thumb/v7e-m+dp/hard\libc.a(lib_a-init.o)
                0x08003ec0                __libc_init_array
 .text.memset   0x08003f08       0xa0 c:/vsarm/armcc/bin/../lib/gcc/arm-none-eabi/9.3.1/../../../../arm-none-eabi/lib/thumb/v7e-m+dp/hard\libc.a(lib_a-memset.o)
                0x08003f08                memset
 .text.sprintf  0x08003fa8       0x44 c:/vsarm/armcc/bin/../lib/gcc/arm-none-eabi/9.3.1/../../../../arm-none-eabi/lib/thumb/v7e-m+dp/hard\libc.a(lib_a-sprintf.o)
                0x08003fa8                sprintf
 *fill*         0x08003fec        0x4 
 .text._svfprintf_r
                0x08003ff0     0x1918 c:/vsarm/armcc/bin/../lib/gcc/arm-none-eabi/9.3.1/../../../../arm-none-eabi/lib/thumb/v7e-m+dp/hard\libc.a(lib_a-svfprintf.o)
                0x08003ff0                _svfprintf_r
 .text.startup.register_fini
                0x08005908       0x14 c:/vsarm/armcc/bin/../lib/gcc/arm-none-eabi/9.3.1/../../../../arm-none-eabi/lib/thumb/v7e-m+dp/hard\libc.a(lib_a-__call_atexit.o)
 .text.atexit   0x0800591c        0xc c:/vsarm/armcc/bin/../lib/gcc/arm-none-eabi/9.3.1/../../../../arm-none-eabi/lib/thumb/v7e-m+dp/hard\libc.a(lib_a-atexit.o)
                0x0800591c                atexit
 .text.quorem   0x08005928      0x11c c:/vsarm/armcc/bin/../lib/gcc/arm-none-eabi/9.3.1/../../../../arm-none-eabi/lib/thumb/v7e-m+dp/hard\libc.a(lib_a-dtoa.o)
 *fill*         0x08005a44        0x4 
 .text._dtoa_r  0x08005a48      0xcfc c:/vsarm/armcc/bin/../lib/gcc/arm-none-eabi/9.3.1/../../../../arm-none-eabi/lib/thumb/v7e-m+dp/hard\libc.a(lib_a-dtoa.o)
                0x08005a48                _dtoa_r
 .text.__libc_fini_array
                0x08006744       0x2c c:/vsarm/armcc/bin/../lib/gcc/arm-none-eabi/9.3.1/../../../../arm-none-eabi/lib/thumb/v7e-m+dp/hard\libc.a(lib_a-fini.o)
                0x08006744                __libc_fini_array
 .text._malloc_trim_r
                0x08006770       0xa0 c:/vsarm/armcc/bin/../lib/gcc/arm-none-eabi/9.3.1/../../../../arm-none-eabi/lib/thumb/v7e-m+dp/hard\libc.a(lib_a-freer.o)
                0x08006770                _malloc_trim_r
 .text._free_r  0x08006810      0x208 c:/vsarm/armcc/bin/../lib/gcc/arm-none-eabi/9.3.1/../../../../arm-none-eabi/lib/thumb/v7e-m+dp/hard\libc.a(lib_a-freer.o)
                0x08006810                _free_r
 .text._localeconv_r
                0x08006a18        0x8 c:/vsarm/armcc/bin/../lib/gcc/arm-none-eabi/9.3.1/../../../../arm-none-eabi/lib/thumb/v7e-m+dp/hard\libc.a(lib_a-localeconv.o)
                0x08006a18                _localeconv_r
 .text.__retarget_lock_init_recursive
                0x08006a20        0x4 c:/vsarm/armcc/bin/../lib/gcc/arm-none-eabi/9.3.1/../../../../arm-none-eabi/lib/thumb/v7e-m+dp/hard\libc.a(lib_a-lock.o)
                0x08006a20                __retarget_lock_init_recursive
 .text.__retarget_lock_close_recursive
                0x08006a24        0x4 c:/vsarm/armcc/bin/../lib/gcc/arm-none-eabi/9.3.1/../../../../arm-none-eabi/lib/thumb/v7e-m+dp/hard\libc.a(lib_a-lock.o)
                0x08006a24                __retarget_lock_close_recursive
 .text.__retarget_lock_acquire_recursive
                0x08006a28        0x4 c:/vsarm/armcc/bin/../lib/gcc/arm-none-eabi/9.3.1/../../../../arm-none-eabi/lib/thumb/v7e-m+dp/hard\libc.a(lib_a-lock.o)
                0x08006a28                __retarget_lock_acquire_recursive
 .text.__retarget_lock_release_recursive
                0x08006a2c        0x4 c:/vsarm/armcc/bin/../lib/gcc/arm-none-eabi/9.3.1/../../../../arm-none-eabi/lib/thumb/v7e-m+dp/hard\libc.a(lib_a-lock.o)
                0x08006a2c                __retarget_lock_release_recursive
 .text._malloc_r
                0x08006a30      0x574 c:/vsarm/armcc/bin/../lib/gcc/arm-none-eabi/9.3.1/../../../../arm-none-eabi/lib/thumb/v7e-m+dp/hard\libc.a(lib_a-mallocr.o)
                0x08006a30                _malloc_r
 .text.__malloc_lock
                0x08006fa4        0xc c:/vsarm/armcc/bin/../lib/gcc/arm-none-eabi/9.3.1/../../../../arm-none-eabi/lib/thumb/v7e-m+dp/hard\libc.a(lib_a-mlock.o)
                0x08006fa4                __malloc_lock
 .text.__malloc_unlock
                0x08006fb0        0xc c:/vsarm/armcc/bin/../lib/gcc/arm-none-eabi/9.3.1/../../../../arm-none-eabi/lib/thumb/v7e-m+dp/hard\libc.a(lib_a-mlock.o)
                0x08006fb0                __malloc_unlock
 .text._Balloc  0x08006fbc       0x4c c:/vsarm/armcc/bin/../lib/gcc/arm-none-eabi/9.3.1/../../../../arm-none-eabi/lib/thumb/v7e-m+dp/hard\libc.a(lib_a-mprec.o)
                0x08006fbc                _Balloc
 .text._Bfree   0x08007008       0x14 c:/vsarm/armcc/bin/../lib/gcc/arm-none-eabi/9.3.1/../../../../arm-none-eabi/lib/thumb/v7e-m+dp/hard\libc.a(lib_a-mprec.o)
                0x08007008                _Bfree
 .text.__multadd
                0x0800701c       0xac c:/vsarm/armcc/bin/../lib/gcc/arm-none-eabi/9.3.1/../../../../arm-none-eabi/lib/thumb/v7e-m+dp/hard\libc.a(lib_a-mprec.o)
                0x0800701c                __multadd
 .text.__hi0bits
                0x080070c8       0x40 c:/vsarm/armcc/bin/../lib/gcc/arm-none-eabi/9.3.1/../../../../arm-none-eabi/lib/thumb/v7e-m+dp/hard\libc.a(lib_a-mprec.o)
                0x080070c8                __hi0bits
 .text.__lo0bits
                0x08007108       0x60 c:/vsarm/armcc/bin/../lib/gcc/arm-none-eabi/9.3.1/../../../../arm-none-eabi/lib/thumb/v7e-m+dp/hard\libc.a(lib_a-mprec.o)
                0x08007108                __lo0bits
 .text.__i2b    0x08007168       0x2c c:/vsarm/armcc/bin/../lib/gcc/arm-none-eabi/9.3.1/../../../../arm-none-eabi/lib/thumb/v7e-m+dp/hard\libc.a(lib_a-mprec.o)
                0x08007168                __i2b
 .text.__multiply
                0x08007194      0x160 c:/vsarm/armcc/bin/../lib/gcc/arm-none-eabi/9.3.1/../../../../arm-none-eabi/lib/thumb/v7e-m+dp/hard\libc.a(lib_a-mprec.o)
                0x08007194                __multiply
 .text.__pow5mult
                0x080072f4       0x98 c:/vsarm/armcc/bin/../lib/gcc/arm-none-eabi/9.3.1/../../../../arm-none-eabi/lib/thumb/v7e-m+dp/hard\libc.a(lib_a-mprec.o)
                0x080072f4                __pow5mult
 .text.__lshift
                0x0800738c       0xe8 c:/vsarm/armcc/bin/../lib/gcc/arm-none-eabi/9.3.1/../../../../arm-none-eabi/lib/thumb/v7e-m+dp/hard\libc.a(lib_a-mprec.o)
                0x0800738c                __lshift
 .text.__mcmp   0x08007474       0x3c c:/vsarm/armcc/bin/../lib/gcc/arm-none-eabi/9.3.1/../../../../arm-none-eabi/lib/thumb/v7e-m+dp/hard\libc.a(lib_a-mprec.o)
                0x08007474                __mcmp
 .text.__mdiff  0x080074b0      0x148 c:/vsarm/armcc/bin/../lib/gcc/arm-none-eabi/9.3.1/../../../../arm-none-eabi/lib/thumb/v7e-m+dp/hard\libc.a(lib_a-mprec.o)
                0x080074b0                __mdiff
 .text.__d2b    0x080075f8       0xd0 c:/vsarm/armcc/bin/../lib/gcc/arm-none-eabi/9.3.1/../../../../arm-none-eabi/lib/thumb/v7e-m+dp/hard\libc.a(lib_a-mprec.o)
                0x080075f8                __d2b
 .text.frexp    0x080076c8       0x78 c:/vsarm/armcc/bin/../lib/gcc/arm-none-eabi/9.3.1/../../../../arm-none-eabi/lib/thumb/v7e-m+dp/hard\libc.a(lib_a-s_frexp.o)
                0x080076c8                frexp
 .text._sbrk_r  0x08007740       0x24 c:/vsarm/armcc/bin/../lib/gcc/arm-none-eabi/9.3.1/../../../../arm-none-eabi/lib/thumb/v7e-m+dp/hard\libc.a(lib_a-sbrkr.o)
                0x08007740                _sbrk_r
 .text.strncpy  0x08007764       0x68 c:/vsarm/armcc/bin/../lib/gcc/arm-none-eabi/9.3.1/../../../../arm-none-eabi/lib/thumb/v7e-m+dp/hard\libc.a(lib_a-strncpy.o)
                0x08007764                strncpy
 .text.__ssprint_r
                0x080077cc       0xf8 c:/vsarm/armcc/bin/../lib/gcc/arm-none-eabi/9.3.1/../../../../arm-none-eabi/lib/thumb/v7e-m+dp/hard\libc.a(lib_a-svfiprintf.o)
                0x080077cc                __ssprint_r
 .text.__register_exitproc
                0x080078c4       0x8c c:/vsarm/armcc/bin/../lib/gcc/arm-none-eabi/9.3.1/../../../../arm-none-eabi/lib/thumb/v7e-m+dp/hard\libc.a(lib_a-__atexit.o)
                0x080078c4                __register_exitproc
 .text.__assert_func
                0x08007950       0x3c c:/vsarm/armcc/bin/../lib/gcc/arm-none-eabi/9.3.1/../../../../arm-none-eabi/lib/thumb/v7e-m+dp/hard\libc.a(lib_a-assert.o)
                0x08007950                __assert_func
 .text._calloc_r
                0x0800798c       0x60 c:/vsarm/armcc/bin/../lib/gcc/arm-none-eabi/9.3.1/../../../../arm-none-eabi/lib/thumb/v7e-m+dp/hard\libc.a(lib_a-callocr.o)
                0x0800798c                _calloc_r
 .text.fiprintf
                0x080079ec       0x28 c:/vsarm/armcc/bin/../lib/gcc/arm-none-eabi/9.3.1/../../../../arm-none-eabi/lib/thumb/v7e-m+dp/hard\libc.a(lib_a-fiprintf.o)
                0x080079ec                fiprintf
 .text.__locale_mb_cur_max
                0x08007a14        0xc c:/vsarm/armcc/bin/../lib/gcc/arm-none-eabi/9.3.1/../../../../arm-none-eabi/lib/thumb/v7e-m+dp/hard\libc.a(lib_a-locale.o)
                0x08007a14                __locale_mb_cur_max
 .text.__ascii_mbtowc
                0x08007a20       0x2c c:/vsarm/armcc/bin/../lib/gcc/arm-none-eabi/9.3.1/../../../../arm-none-eabi/lib/thumb/v7e-m+dp/hard\libc.a(lib_a-mbtowc_r.o)
                0x08007a20                __ascii_mbtowc
 .text.memmove  0x08007a4c       0xd8 c:/vsarm/armcc/bin/../lib/gcc/arm-none-eabi/9.3.1/../../../../arm-none-eabi/lib/thumb/v7e-m+dp/hard\libc.a(lib_a-memmove.o)
                0x08007a4c                memmove
 .text._realloc_r
                0x08007b24      0x3e0 c:/vsarm/armcc/bin/../lib/gcc/arm-none-eabi/9.3.1/../../../../arm-none-eabi/lib/thumb/v7e-m+dp/hard\libc.a(lib_a-reallocr.o)
                0x08007b24                _realloc_r
 .text.__sprint_r.part.0
                0x08007f04       0x78 c:/vsarm/armcc/bin/../lib/gcc/arm-none-eabi/9.3.1/../../../../arm-none-eabi/lib/thumb/v7e-m+dp/hard\libc.a(lib_a-vfiprintf.o)
 .text._vfiprintf_r
                0x08007f7c      0xd4c c:/vsarm/armcc/bin/../lib/gcc/arm-none-eabi/9.3.1/../../../../arm-none-eabi/lib/thumb/v7e-m+dp/hard\libc.a(lib_a-vfiprintf.o)
                0x08007f7c                _vfiprintf_r
 .text.__sbprintf
                0x08008cc8       0x84 c:/vsarm/armcc/bin/../lib/gcc/arm-none-eabi/9.3.1/../../../../arm-none-eabi/lib/thumb/v7e-m+dp/hard\libc.a(lib_a-vfiprintf.o)
 .text.__ascii_wctomb
                0x08008d4c       0x1c c:/vsarm/armcc/bin/../lib/gcc/arm-none-eabi/9.3.1/../../../../arm-none-eabi/lib/thumb/v7e-m+dp/hard\libc.a(lib_a-wctomb_r.o)
                0x08008d4c                __ascii_wctomb
 .text.__swsetup_r
                0x08008d68       0xd0 c:/vsarm/armcc/bin/../lib/gcc/arm-none-eabi/9.3.1/../../../../arm-none-eabi/lib/thumb/v7e-m+dp/hard\libc.a(lib_a-wsetup.o)
                0x08008d68                __swsetup_r
 .text.abort    0x08008e38       0x10 c:/vsarm/armcc/bin/../lib/gcc/arm-none-eabi/9.3.1/../../../../arm-none-eabi/lib/thumb/v7e-m+dp/hard\libc.a(lib_a-abort.o)
                0x08008e38                abort
 .text.__sflush_r
                0x08008e48      0x130 c:/vsarm/armcc/bin/../lib/gcc/arm-none-eabi/9.3.1/../../../../arm-none-eabi/lib/thumb/v7e-m+dp/hard\libc.a(lib_a-fflush.o)
                0x08008e48                __sflush_r
 .text._fflush_r
                0x08008f78       0x5c c:/vsarm/armcc/bin/../lib/gcc/arm-none-eabi/9.3.1/../../../../arm-none-eabi/lib/thumb/v7e-m+dp/hard\libc.a(lib_a-fflush.o)
                0x08008f78                _fflush_r
 .text.std      0x08008fd4       0x50 c:/vsarm/armcc/bin/../lib/gcc/arm-none-eabi/9.3.1/../../../../arm-none-eabi/lib/thumb/v7e-m+dp/hard\libc.a(lib_a-findfp.o)
 .text._cleanup_r
                0x08009024        0xc c:/vsarm/armcc/bin/../lib/gcc/arm-none-eabi/9.3.1/../../../../arm-none-eabi/lib/thumb/v7e-m+dp/hard\libc.a(lib_a-findfp.o)
                0x08009024                _cleanup_r
 .text.__sinit  0x08009030       0x54 c:/vsarm/armcc/bin/../lib/gcc/arm-none-eabi/9.3.1/../../../../arm-none-eabi/lib/thumb/v7e-m+dp/hard\libc.a(lib_a-findfp.o)
                0x08009030                __sinit
 .text.__sfp_lock_acquire
                0x08009084        0xc c:/vsarm/armcc/bin/../lib/gcc/arm-none-eabi/9.3.1/../../../../arm-none-eabi/lib/thumb/v7e-m+dp/hard\libc.a(lib_a-findfp.o)
                0x08009084                __sfp_lock_acquire
 .text.__sfp_lock_release
                0x08009090        0xc c:/vsarm/armcc/bin/../lib/gcc/arm-none-eabi/9.3.1/../../../../arm-none-eabi/lib/thumb/v7e-m+dp/hard\libc.a(lib_a-findfp.o)
                0x08009090                __sfp_lock_release
 .text.__fputwc
                0x0800909c       0xa8 c:/vsarm/armcc/bin/../lib/gcc/arm-none-eabi/9.3.1/../../../../arm-none-eabi/lib/thumb/v7e-m+dp/hard\libc.a(lib_a-fputwc.o)
                0x0800909c                __fputwc
 .text._fputwc_r
                0x08009144       0x68 c:/vsarm/armcc/bin/../lib/gcc/arm-none-eabi/9.3.1/../../../../arm-none-eabi/lib/thumb/v7e-m+dp/hard\libc.a(lib_a-fputwc.o)
                0x08009144                _fputwc_r
 .text.__sfvwrite_r
                0x080091ac      0x2e0 c:/vsarm/armcc/bin/../lib/gcc/arm-none-eabi/9.3.1/../../../../arm-none-eabi/lib/thumb/v7e-m+dp/hard\libc.a(lib_a-fvwrite.o)
                0x080091ac                __sfvwrite_r
 .text._fwalk_reent
                0x0800948c       0x48 c:/vsarm/armcc/bin/../lib/gcc/arm-none-eabi/9.3.1/../../../../arm-none-eabi/lib/thumb/v7e-m+dp/hard\libc.a(lib_a-fwalk.o)
                0x0800948c                _fwalk_reent
 .text.__swhatbuf_r
                0x080094d4       0x5c c:/vsarm/armcc/bin/../lib/gcc/arm-none-eabi/9.3.1/../../../../arm-none-eabi/lib/thumb/v7e-m+dp/hard\libc.a(lib_a-makebuf.o)
                0x080094d4                __swhatbuf_r
 .text.__smakebuf_r
                0x08009530       0x98 c:/vsarm/armcc/bin/../lib/gcc/arm-none-eabi/9.3.1/../../../../arm-none-eabi/lib/thumb/v7e-m+dp/hard\libc.a(lib_a-makebuf.o)
                0x08009530                __smakebuf_r
 .text._raise_r
                0x080095c8       0x58 c:/vsarm/armcc/bin/../lib/gcc/arm-none-eabi/9.3.1/../../../../arm-none-eabi/lib/thumb/v7e-m+dp/hard\libc.a(lib_a-signal.o)
                0x080095c8                _raise_r
 .text.raise    0x08009620       0x10 c:/vsarm/armcc/bin/../lib/gcc/arm-none-eabi/9.3.1/../../../../arm-none-eabi/lib/thumb/v7e-m+dp/hard\libc.a(lib_a-signal.o)
                0x08009620                raise
 .text._kill_r  0x08009630       0x2c c:/vsarm/armcc/bin/../lib/gcc/arm-none-eabi/9.3.1/../../../../arm-none-eabi/lib/thumb/v7e-m+dp/hard\libc.a(lib_a-signalr.o)
                0x08009630                _kill_r
 .text._getpid_r
                0x0800965c        0x4 c:/vsarm/armcc/bin/../lib/gcc/arm-none-eabi/9.3.1/../../../../arm-none-eabi/lib/thumb/v7e-m+dp/hard\libc.a(lib_a-signalr.o)
                0x0800965c                _getpid_r
 .text.__sread  0x08009660       0x24 c:/vsarm/armcc/bin/../lib/gcc/arm-none-eabi/9.3.1/../../../../arm-none-eabi/lib/thumb/v7e-m+dp/hard\libc.a(lib_a-stdio.o)
                0x08009660                __sread
 .text.__swrite
                0x08009684       0x40 c:/vsarm/armcc/bin/../lib/gcc/arm-none-eabi/9.3.1/../../../../arm-none-eabi/lib/thumb/v7e-m+dp/hard\libc.a(lib_a-stdio.o)
                0x08009684                __swrite
 .text.__sseek  0x080096c4       0x20 c:/vsarm/armcc/bin/../lib/gcc/arm-none-eabi/9.3.1/../../../../arm-none-eabi/lib/thumb/v7e-m+dp/hard\libc.a(lib_a-stdio.o)
                0x080096c4                __sseek
 .text.__sclose
                0x080096e4        0x8 c:/vsarm/armcc/bin/../lib/gcc/arm-none-eabi/9.3.1/../../../../arm-none-eabi/lib/thumb/v7e-m+dp/hard\libc.a(lib_a-stdio.o)
                0x080096e4                __sclose
 .text.__swbuf_r
                0x080096ec       0xb0 c:/vsarm/armcc/bin/../lib/gcc/arm-none-eabi/9.3.1/../../../../arm-none-eabi/lib/thumb/v7e-m+dp/hard\libc.a(lib_a-wbuf.o)
                0x080096ec                __swbuf_r
 .text._wcrtomb_r
                0x0800979c       0x3c c:/vsarm/armcc/bin/../lib/gcc/arm-none-eabi/9.3.1/../../../../arm-none-eabi/lib/thumb/v7e-m+dp/hard\libc.a(lib_a-wcrtomb.o)
                0x0800979c                _wcrtomb_r
 .text._write_r
                0x080097d8       0x2c c:/vsarm/armcc/bin/../lib/gcc/arm-none-eabi/9.3.1/../../../../arm-none-eabi/lib/thumb/v7e-m+dp/hard\libc.a(lib_a-writer.o)
                0x080097d8                _write_r
 .text._close_r
                0x08009804       0x24 c:/vsarm/armcc/bin/../lib/gcc/arm-none-eabi/9.3.1/../../../../arm-none-eabi/lib/thumb/v7e-m+dp/hard\libc.a(lib_a-closer.o)
                0x08009804                _close_r
 .text._fclose_r
                0x08009828       0xcc c:/vsarm/armcc/bin/../lib/gcc/arm-none-eabi/9.3.1/../../../../arm-none-eabi/lib/thumb/v7e-m+dp/hard\libc.a(lib_a-fclose.o)
                0x08009828                _fclose_r
 .text._fstat_r
                0x080098f4       0x2c c:/vsarm/armcc/bin/../lib/gcc/arm-none-eabi/9.3.1/../../../../arm-none-eabi/lib/thumb/v7e-m+dp/hard\libc.a(lib_a-fstatr.o)
                0x080098f4                _fstat_r
 .text._isatty_r
                0x08009920       0x24 c:/vsarm/armcc/bin/../lib/gcc/arm-none-eabi/9.3.1/../../../../arm-none-eabi/lib/thumb/v7e-m+dp/hard\libc.a(lib_a-isattyr.o)
                0x08009920                _isatty_r
 .text._lseek_r
                0x08009944       0x2c c:/vsarm/armcc/bin/../lib/gcc/arm-none-eabi/9.3.1/../../../../arm-none-eabi/lib/thumb/v7e-m+dp/hard\libc.a(lib_a-lseekr.o)
                0x08009944                _lseek_r
 .text._read_r  0x08009970       0x2c c:/vsarm/armcc/bin/../lib/gcc/arm-none-eabi/9.3.1/../../../../arm-none-eabi/lib/thumb/v7e-m+dp/hard\libc.a(lib_a-readr.o)
                0x08009970                _read_r
 .text._close   0x0800999c       0x10 c:/vsarm/armcc/bin/../lib/gcc/arm-none-eabi/9.3.1/../../../../arm-none-eabi/lib/thumb/v7e-m+dp/hard\libnosys.a(close.o)
                0x0800999c                _close
 .text._fstat   0x080099ac       0x10 c:/vsarm/armcc/bin/../lib/gcc/arm-none-eabi/9.3.1/../../../../arm-none-eabi/lib/thumb/v7e-m+dp/hard\libnosys.a(fstat.o)
                0x080099ac                _fstat
 .text._getpid  0x080099bc       0x10 c:/vsarm/armcc/bin/../lib/gcc/arm-none-eabi/9.3.1/../../../../arm-none-eabi/lib/thumb/v7e-m+dp/hard\libnosys.a(getpid.o)
                0x080099bc                _getpid
 .text._isatty  0x080099cc       0x10 c:/vsarm/armcc/bin/../lib/gcc/arm-none-eabi/9.3.1/../../../../arm-none-eabi/lib/thumb/v7e-m+dp/hard\libnosys.a(isatty.o)
                0x080099cc                _isatty
 .text._kill    0x080099dc       0x10 c:/vsarm/armcc/bin/../lib/gcc/arm-none-eabi/9.3.1/../../../../arm-none-eabi/lib/thumb/v7e-m+dp/hard\libnosys.a(kill.o)
                0x080099dc                _kill
 .text._lseek   0x080099ec       0x10 c:/vsarm/armcc/bin/../lib/gcc/arm-none-eabi/9.3.1/../../../../arm-none-eabi/lib/thumb/v7e-m+dp/hard\libnosys.a(lseek.o)
                0x080099ec                _lseek
 .text._read    0x080099fc       0x10 c:/vsarm/armcc/bin/../lib/gcc/arm-none-eabi/9.3.1/../../../../arm-none-eabi/lib/thumb/v7e-m+dp/hard\libnosys.a(read.o)
                0x080099fc                _read
 .text._sbrk    0x08009a0c       0x1c c:/vsarm/armcc/bin/../lib/gcc/arm-none-eabi/9.3.1/../../../../arm-none-eabi/lib/thumb/v7e-m+dp/hard\libnosys.a(sbrk.o)
                0x08009a0c                _sbrk
 .text._write   0x08009a28       0x10 c:/vsarm/armcc/bin/../lib/gcc/arm-none-eabi/9.3.1/../../../../arm-none-eabi/lib/thumb/v7e-m+dp/hard\libnosys.a(write.o)
                0x08009a28                _write
 .text._exit    0x08009a38        0x4 c:/vsarm/armcc/bin/../lib/gcc/arm-none-eabi/9.3.1/../../../../arm-none-eabi/lib/thumb/v7e-m+dp/hard\libnosys.a(_exit.o)
                0x08009a38                _exit
 *(.glue_7)
 .glue_7        0x08009a3c        0x0 linker stubs
 *(.glue_7t)
 .glue_7t       0x08009a3c        0x0 linker stubs
 *(.eh_frame)
 .eh_frame      0x08009a3c        0x0 c:/vsarm/armcc/bin/../lib/gcc/arm-none-eabi/9.3.1/thumb/v7e-m+dp/hard/crtbegin.o
 *(.init)
 .init          0x08009a3c        0x4 c:/vsarm/armcc/bin/../lib/gcc/arm-none-eabi/9.3.1/thumb/v7e-m+dp/hard/crti.o
                0x08009a3c                _init
 .init          0x08009a40        0x8 c:/vsarm/armcc/bin/../lib/gcc/arm-none-eabi/9.3.1/thumb/v7e-m+dp/hard/crtn.o
 *(.fini)
 .fini          0x08009a48        0x4 c:/vsarm/armcc/bin/../lib/gcc/arm-none-eabi/9.3.1/thumb/v7e-m+dp/hard/crti.o
                0x08009a48                _fini
 .fini          0x08009a4c        0x8 c:/vsarm/armcc/bin/../lib/gcc/arm-none-eabi/9.3.1/thumb/v7e-m+dp/hard/crtn.o
                0x08009a54                . = ALIGN (0x4)
                0x08009a54                _etext = .

.vfp11_veneer   0x08009a54        0x0
 .vfp11_veneer  0x08009a54        0x0 linker stubs

.v4_bx          0x08009a54        0x0
 .v4_bx         0x08009a54        0x0 linker stubs

.iplt           0x08009a54        0x0
 .iplt          0x08009a54        0x0 c:/vsarm/armcc/bin/../lib/gcc/arm-none-eabi/9.3.1/thumb/v7e-m+dp/hard/crtbegin.o

.rodata         0x08009a58      0x6a4
                0x08009a58                . = ALIGN (0x4)
 *(.rodata)
 *(.rodata*)
 .rodata.font   0x08009a58      0x240 build/ILI9341_GFX.o
 .rodata.h3_println.str1.4
                0x08009c98        0x3 build/main.o
 *fill*         0x08009c9b        0x1 
 .rodata.clearUART.str1.4
                0x08009c9c        0x7 build/main.o
 *fill*         0x08009ca3        0x1 
 .rodata.main.str1.4
                0x08009ca4       0x4c build/main.o
 .rodata.AHBPrescTable
                0x08009cf0       0x10 build/system_stm32f7xx.o
                0x08009cf0                AHBPrescTable
 .rodata.APBPrescTable
                0x08009d00        0x8 build/system_stm32f7xx.o
                0x08009d00                APBPrescTable
 .rodata._global_impure_ptr
                0x08009d08        0x4 c:/vsarm/armcc/bin/../lib/gcc/arm-none-eabi/9.3.1/../../../../arm-none-eabi/lib/thumb/v7e-m+dp/hard\libc.a(lib_a-impure.o)
                0x08009d08                _global_impure_ptr
 .rodata._svfprintf_r.str1.4
                0x08009d0c       0x42 c:/vsarm/armcc/bin/../lib/gcc/arm-none-eabi/9.3.1/../../../../arm-none-eabi/lib/thumb/v7e-m+dp/hard\libc.a(lib_a-svfprintf.o)
 *fill*         0x08009d4e        0x2 
 .rodata.blanks.8698
                0x08009d50       0x10 c:/vsarm/armcc/bin/../lib/gcc/arm-none-eabi/9.3.1/../../../../arm-none-eabi/lib/thumb/v7e-m+dp/hard\libc.a(lib_a-svfprintf.o)
 .rodata.zeroes.8699
                0x08009d60       0x10 c:/vsarm/armcc/bin/../lib/gcc/arm-none-eabi/9.3.1/../../../../arm-none-eabi/lib/thumb/v7e-m+dp/hard\libc.a(lib_a-svfprintf.o)
 .rodata._dtoa_r.str1.4
                0x08009d70       0xa0 c:/vsarm/armcc/bin/../lib/gcc/arm-none-eabi/9.3.1/../../../../arm-none-eabi/lib/thumb/v7e-m+dp/hard\libc.a(lib_a-dtoa.o)
                                 0xa4 (size before relaxing)
 .rodata.__multadd.str1.4
                0x08009e10       0x7d c:/vsarm/armcc/bin/../lib/gcc/arm-none-eabi/9.3.1/../../../../arm-none-eabi/lib/thumb/v7e-m+dp/hard\libc.a(lib_a-mprec.o)
                                 0x91 (size before relaxing)
 *fill*         0x08009e8d        0x3 
 .rodata.__mprec_bigtens
                0x08009e90       0x28 c:/vsarm/armcc/bin/../lib/gcc/arm-none-eabi/9.3.1/../../../../arm-none-eabi/lib/thumb/v7e-m+dp/hard\libc.a(lib_a-mprec.o)
                0x08009e90                __mprec_bigtens
 .rodata.__mprec_tens
                0x08009eb8       0xc8 c:/vsarm/armcc/bin/../lib/gcc/arm-none-eabi/9.3.1/../../../../arm-none-eabi/lib/thumb/v7e-m+dp/hard\libc.a(lib_a-mprec.o)
                0x08009eb8                __mprec_tens
 .rodata.p05.7485
                0x08009f80        0xc c:/vsarm/armcc/bin/../lib/gcc/arm-none-eabi/9.3.1/../../../../arm-none-eabi/lib/thumb/v7e-m+dp/hard\libc.a(lib_a-mprec.o)
 .rodata.__assert_func.str1.4
                0x08009f8c       0x3f c:/vsarm/armcc/bin/../lib/gcc/arm-none-eabi/9.3.1/../../../../arm-none-eabi/lib/thumb/v7e-m+dp/hard\libc.a(lib_a-assert.o)
                                 0x43 (size before relaxing)
 *fill*         0x08009fcb        0x1 
 .rodata._setlocale_r.str1.4
                0x08009fcc        0x6 c:/vsarm/armcc/bin/../lib/gcc/arm-none-eabi/9.3.1/../../../../arm-none-eabi/lib/thumb/v7e-m+dp/hard\libc.a(lib_a-locale.o)
                                  0xd (size before relaxing)
 *fill*         0x08009fd2        0x2 
 .rodata.str1.4
                0x08009fd4        0x2 c:/vsarm/armcc/bin/../lib/gcc/arm-none-eabi/9.3.1/../../../../arm-none-eabi/lib/thumb/v7e-m+dp/hard\libc.a(lib_a-locale.o)
 .rodata._vfiprintf_r.str1.4
                0x08009fd6       0x2f c:/vsarm/armcc/bin/../lib/gcc/arm-none-eabi/9.3.1/../../../../arm-none-eabi/lib/thumb/v7e-m+dp/hard\libc.a(lib_a-vfiprintf.o)
 *fill*         0x08009fd6        0x2 
 .rodata.blanks.8691
                0x08009fd8       0x10 c:/vsarm/armcc/bin/../lib/gcc/arm-none-eabi/9.3.1/../../../../arm-none-eabi/lib/thumb/v7e-m+dp/hard\libc.a(lib_a-vfiprintf.o)
 .rodata.zeroes.8692
                0x08009fe8       0x10 c:/vsarm/armcc/bin/../lib/gcc/arm-none-eabi/9.3.1/../../../../arm-none-eabi/lib/thumb/v7e-m+dp/hard\libc.a(lib_a-vfiprintf.o)
 .rodata._ctype_
                0x08009ff8      0x101 c:/vsarm/armcc/bin/../lib/gcc/arm-none-eabi/9.3.1/../../../../arm-none-eabi/lib/thumb/v7e-m+dp/hard\libc.a(lib_a-ctype_.o)
                0x08009ff8                _ctype_
                0x0800a0fc                . = ALIGN (0x4)
 *fill*         0x0800a0f9        0x3 

.ARM.extab
 *(.ARM.extab* .gnu.linkonce.armextab.*)

.ARM            0x0800a0fc        0x8
                0x0800a0fc                __exidx_start = .
 *(.ARM.exidx*)
 .ARM.exidx     0x0800a0fc        0x8 c:/vsarm/armcc/bin/../lib/gcc/arm-none-eabi/9.3.1/thumb/v7e-m+dp/hard\libgcc.a(_udivmoddi4.o)
                0x0800a104                __exidx_end = .

.rel.dyn        0x0800a104        0x0
 .rel.iplt      0x0800a104        0x0 c:/vsarm/armcc/bin/../lib/gcc/arm-none-eabi/9.3.1/thumb/v7e-m+dp/hard/crtbegin.o

.preinit_array  0x0800a104        0x0
                0x0800a104                PROVIDE (__preinit_array_start = .)
 *(.preinit_array*)
                0x0800a104                PROVIDE (__preinit_array_end = .)

.init_array     0x0800a104        0x8
                0x0800a104                PROVIDE (__init_array_start = .)
 *(SORT_BY_NAME(.init_array.*))
 .init_array.00000
                0x0800a104        0x4 c:/vsarm/armcc/bin/../lib/gcc/arm-none-eabi/9.3.1/../../../../arm-none-eabi/lib/thumb/v7e-m+dp/hard\libc.a(lib_a-__call_atexit.o)
 *(.init_array*)
 .init_array    0x0800a108        0x4 c:/vsarm/armcc/bin/../lib/gcc/arm-none-eabi/9.3.1/thumb/v7e-m+dp/hard/crtbegin.o
                0x0800a10c                PROVIDE (__init_array_end = .)

.fini_array     0x0800a10c        0x4
                0x0800a10c                PROVIDE (__fini_array_start = .)
 *(SORT_BY_NAME(.fini_array.*))
 *(.fini_array*)
 .fini_array    0x0800a10c        0x4 c:/vsarm/armcc/bin/../lib/gcc/arm-none-eabi/9.3.1/thumb/v7e-m+dp/hard/crtbegin.o
                0x0800a110                PROVIDE (__fini_array_end = .)
                0x0800a110                _sidata = LOADADDR (.data)

.data           0x20000000      0x9d0 load address 0x0800a110
                0x20000000                . = ALIGN (0x4)
                0x20000000                _sdata = .
 *(.data)
 *(.data*)
 .data.uwTickFreq
                0x20000000        0x1 build/stm32f7xx_hal.o
                0x20000000                uwTickFreq
 *fill*         0x20000001        0x3 
 .data.uwTickPrio
                0x20000004        0x4 build/stm32f7xx_hal.o
                0x20000004                uwTickPrio
 .data.LCD_HEIGHT
                0x20000008        0x2 build/ILI9341_STM32_Driver.o
                0x20000008                LCD_HEIGHT
 .data.LCD_WIDTH
                0x2000000a        0x2 build/ILI9341_STM32_Driver.o
                0x2000000a                LCD_WIDTH
 .data.Serial   0x2000000c       0x10 build/main.o
                0x2000000c                Serial
 .data.SystemCoreClock
                0x2000001c        0x4 build/system_stm32f7xx.o
                0x2000001c                SystemCoreClock
 .data._impure_ptr
                0x20000020        0x4 c:/vsarm/armcc/bin/../lib/gcc/arm-none-eabi/9.3.1/../../../../arm-none-eabi/lib/thumb/v7e-m+dp/hard\libc.a(lib_a-impure.o)
                0x20000020                _impure_ptr
 *fill*         0x20000024        0x4 
 .data.impure_data
                0x20000028      0x428 c:/vsarm/armcc/bin/../lib/gcc/arm-none-eabi/9.3.1/../../../../arm-none-eabi/lib/thumb/v7e-m+dp/hard\libc.a(lib_a-impure.o)
 .data.__atexit_recursive_mutex
                0x20000450        0x4 c:/vsarm/armcc/bin/../lib/gcc/arm-none-eabi/9.3.1/../../../../arm-none-eabi/lib/thumb/v7e-m+dp/hard\libc.a(lib_a-__call_atexit.o)
                0x20000450                __atexit_recursive_mutex
 .data.__malloc_av_
                0x20000454      0x408 c:/vsarm/armcc/bin/../lib/gcc/arm-none-eabi/9.3.1/../../../../arm-none-eabi/lib/thumb/v7e-m+dp/hard\libc.a(lib_a-mallocr.o)
                0x20000454                __malloc_av_
 .data.__malloc_sbrk_base
                0x2000085c        0x4 c:/vsarm/armcc/bin/../lib/gcc/arm-none-eabi/9.3.1/../../../../arm-none-eabi/lib/thumb/v7e-m+dp/hard\libc.a(lib_a-mallocr.o)
                0x2000085c                __malloc_sbrk_base
 .data.__malloc_trim_threshold
                0x20000860        0x4 c:/vsarm/armcc/bin/../lib/gcc/arm-none-eabi/9.3.1/../../../../arm-none-eabi/lib/thumb/v7e-m+dp/hard\libc.a(lib_a-mallocr.o)
                0x20000860                __malloc_trim_threshold
 .data.__global_locale
                0x20000864      0x16c c:/vsarm/armcc/bin/../lib/gcc/arm-none-eabi/9.3.1/../../../../arm-none-eabi/lib/thumb/v7e-m+dp/hard\libc.a(lib_a-locale.o)
                0x20000864                __global_locale
                0x200009d0                . = ALIGN (0x4)
                0x200009d0                _edata = .

.igot.plt       0x200009d0        0x0 load address 0x0800aae0
 .igot.plt      0x200009d0        0x0 c:/vsarm/armcc/bin/../lib/gcc/arm-none-eabi/9.3.1/thumb/v7e-m+dp/hard/crtbegin.o
                0x200009d0                . = ALIGN (0x4)

.bss            0x200009d0      0x284 load address 0x0800aae0
                0x200009d0                _sbss = .
                0x200009d0                __bss_start__ = _sbss
 *(.bss)
 .bss           0x200009d0       0x1c c:/vsarm/armcc/bin/../lib/gcc/arm-none-eabi/9.3.1/thumb/v7e-m+dp/hard/crtbegin.o
 *(.bss*)
 .bss.__malloc_current_mallinfo
                0x200009ec       0x28 c:/vsarm/armcc/bin/../lib/gcc/arm-none-eabi/9.3.1/../../../../arm-none-eabi/lib/thumb/v7e-m+dp/hard\libc.a(lib_a-mallocr.o)
                0x200009ec                __malloc_current_mallinfo
 .bss.__malloc_max_sbrked_mem
                0x20000a14        0x4 c:/vsarm/armcc/bin/../lib/gcc/arm-none-eabi/9.3.1/../../../../arm-none-eabi/lib/thumb/v7e-m+dp/hard\libc.a(lib_a-mallocr.o)
                0x20000a14                __malloc_max_sbrked_mem
 .bss.__malloc_max_total_mem
                0x20000a18        0x4 c:/vsarm/armcc/bin/../lib/gcc/arm-none-eabi/9.3.1/../../../../arm-none-eabi/lib/thumb/v7e-m+dp/hard\libc.a(lib_a-mallocr.o)
                0x20000a18                __malloc_max_total_mem
 .bss.__malloc_top_pad
                0x20000a1c        0x4 c:/vsarm/armcc/bin/../lib/gcc/arm-none-eabi/9.3.1/../../../../arm-none-eabi/lib/thumb/v7e-m+dp/hard\libc.a(lib_a-mallocr.o)
                0x20000a1c                __malloc_top_pad
 .bss.heap_end.5507
                0x20000a20        0x4 c:/vsarm/armcc/bin/../lib/gcc/arm-none-eabi/9.3.1/../../../../arm-none-eabi/lib/thumb/v7e-m+dp/hard\libnosys.a(sbrk.o)
 *(COMMON)
 COMMON         0x20000a24        0x4 build/stm32f7xx_hal.o
                0x20000a24                uwTick
 COMMON         0x20000a28       0x4c build/i2c.o
                0x20000a28                hi2c1
 COMMON         0x20000a74       0x43 build/main.o
                0x20000a74                cmdBuffer
                0x20000a78                dataBuffer
                0x20000a80                tick
                0x20000a84                str
                0x20000ab6                status
 *fill*         0x20000ab7        0x1 
 COMMON         0x20000ab8       0x10 build/rng.o
                0x20000ab8                hrng
 COMMON         0x20000ac8       0x64 build/spi.o
                0x20000ac8                hspi5
 COMMON         0x20000b2c       0x80 build/tim.o
                0x20000b2c                htim1
                0x20000b6c                htim2
 COMMON         0x20000bac       0x80 build/usart.o
                0x20000bac                huart3
 COMMON         0x20000c2c       0x21 c:/vsarm/armcc/bin/../lib/gcc/arm-none-eabi/9.3.1/../../../../arm-none-eabi/lib/thumb/v7e-m+dp/hard\libc.a(lib_a-lock.o)
                0x20000c2c                __lock___atexit_recursive_mutex
                0x20000c30                __lock___arc4random_mutex
                0x20000c34                __lock___env_recursive_mutex
                0x20000c38                __lock___sinit_recursive_mutex
                0x20000c3c                __lock___malloc_recursive_mutex
                0x20000c40                __lock___at_quick_exit_mutex
                0x20000c44                __lock___dd_hash_mutex
                0x20000c48                __lock___tz_mutex
                0x20000c4c                __lock___sfp_recursive_mutex
 *fill*         0x20000c4d        0x3 
 COMMON         0x20000c50        0x4 c:/vsarm/armcc/bin/../lib/gcc/arm-none-eabi/9.3.1/../../../../arm-none-eabi/lib/thumb/v7e-m+dp/hard\libc.a(lib_a-reent.o)
                0x20000c50                errno
                0x20000c54                . = ALIGN (0x4)
                0x20000c54                _ebss = .
                0x20000c54                __bss_end__ = _ebss

._user_heap_stack
                0x20000c54      0x604 load address 0x0800aae0
                0x20000c58                . = ALIGN (0x8)
 *fill*         0x20000c54        0x4 
                0x20000c58                PROVIDE (end = .)
                [!provide]                PROVIDE (_end = .)
                0x20000e58                . = (. + _Min_Heap_Size)
 *fill*         0x20000c58      0x200 
                0x20001258                . = (. + _Min_Stack_Size)
 *fill*         0x20000e58      0x400 
                0x20001258                . = ALIGN (0x8)

/DISCARD/
 libc.a(*)
 libm.a(*)
 libgcc.a(*)

.ARM.attributes
                0x00000000       0x2e
 *(.ARM.attributes)
 .ARM.attributes
                0x00000000       0x1e c:/vsarm/armcc/bin/../lib/gcc/arm-none-eabi/9.3.1/thumb/v7e-m+dp/hard/crti.o
 .ARM.attributes
                0x0000001e       0x32 c:/vsarm/armcc/bin/../lib/gcc/arm-none-eabi/9.3.1/thumb/v7e-m+dp/hard/crtbegin.o
 .ARM.attributes
                0x00000050       0x32 build/stm32f7xx_hal.o
 .ARM.attributes
                0x00000082       0x32 build/stm32f7xx_hal_cortex.o
 .ARM.attributes
                0x000000b4       0x32 build/stm32f7xx_hal_gpio.o
 .ARM.attributes
                0x000000e6       0x32 build/stm32f7xx_hal_i2c.o
 .ARM.attributes
                0x00000118       0x32 build/stm32f7xx_hal_i2c_ex.o
 .ARM.attributes
                0x0000014a       0x32 build/stm32f7xx_hal_pwr.o
 .ARM.attributes
                0x0000017c       0x32 build/stm32f7xx_hal_pwr_ex.o
 .ARM.attributes
                0x000001ae       0x32 build/stm32f7xx_hal_rcc.o
 .ARM.attributes
                0x000001e0       0x32 build/stm32f7xx_hal_rcc_ex.o
 .ARM.attributes
                0x00000212       0x32 build/stm32f7xx_hal_rng.o
 .ARM.attributes
                0x00000244       0x32 build/stm32f7xx_hal_spi.o
 .ARM.attributes
                0x00000276       0x32 build/stm32f7xx_hal_tim.o
 .ARM.attributes
                0x000002a8       0x32 build/stm32f7xx_hal_tim_ex.o
 .ARM.attributes
                0x000002da       0x32 build/stm32f7xx_hal_uart.o
 .ARM.attributes
                0x0000030c       0x32 build/ILI9341_GFX.o
 .ARM.attributes
                0x0000033e       0x32 build/ILI9341_STM32_Driver.o
 .ARM.attributes
                0x00000370       0x32 build/ILI9341_Touchscreen.o
 .ARM.attributes
                0x000003a2       0x32 build/gpio.o
 .ARM.attributes
                0x000003d4       0x32 build/i2c.o
 .ARM.attributes
                0x00000406       0x32 build/main.o
 .ARM.attributes
                0x00000438       0x32 build/rng.o
 .ARM.attributes
                0x0000046a       0x32 build/spi.o
 .ARM.attributes
                0x0000049c       0x32 build/stm32f7xx_hal_msp.o
 .ARM.attributes
                0x000004ce       0x32 build/stm32f7xx_it.o
 .ARM.attributes
                0x00000500       0x32 build/system_stm32f7xx.o
 .ARM.attributes
                0x00000532       0x32 build/tim.o
 .ARM.attributes
                0x00000564       0x32 build/usart.o
 .ARM.attributes
                0x00000596       0x21 build/startup_stm32f767xx.o
 .ARM.attributes
                0x000005b7       0x30 c:/vsarm/armcc/bin/../lib/gcc/arm-none-eabi/9.3.1/../../../../arm-none-eabi/lib/thumb/v7e-m+dp/hard\libc.a(lib_a-impure.o)
 .ARM.attributes
                0x000005e7       0x32 c:/vsarm/armcc/bin/../lib/gcc/arm-none-eabi/9.3.1/../../../../arm-none-eabi/lib/thumb/v7e-m+dp/hard\libc.a(lib_a-init.o)
 .ARM.attributes
                0x00000619       0x32 c:/vsarm/armcc/bin/../lib/gcc/arm-none-eabi/9.3.1/../../../../arm-none-eabi/lib/thumb/v7e-m+dp/hard\libc.a(lib_a-memset.o)
 .ARM.attributes
                0x0000064b       0x32 c:/vsarm/armcc/bin/../lib/gcc/arm-none-eabi/9.3.1/../../../../arm-none-eabi/lib/thumb/v7e-m+dp/hard\libc.a(lib_a-sprintf.o)
 .ARM.attributes
                0x0000067d       0x1c c:/vsarm/armcc/bin/../lib/gcc/arm-none-eabi/9.3.1/../../../../arm-none-eabi/lib/thumb/v7e-m+dp/hard\libc.a(lib_a-strlen.o)
 .ARM.attributes
                0x00000699       0x32 c:/vsarm/armcc/bin/../lib/gcc/arm-none-eabi/9.3.1/../../../../arm-none-eabi/lib/thumb/v7e-m+dp/hard\libc.a(lib_a-svfprintf.o)
 .ARM.attributes
                0x000006cb       0x32 c:/vsarm/armcc/bin/../lib/gcc/arm-none-eabi/9.3.1/../../../../arm-none-eabi/lib/thumb/v7e-m+dp/hard\libc.a(lib_a-__call_atexit.o)
 .ARM.attributes
                0x000006fd       0x32 c:/vsarm/armcc/bin/../lib/gcc/arm-none-eabi/9.3.1/../../../../arm-none-eabi/lib/thumb/v7e-m+dp/hard\libc.a(lib_a-atexit.o)
 .ARM.attributes
                0x0000072f       0x32 c:/vsarm/armcc/bin/../lib/gcc/arm-none-eabi/9.3.1/../../../../arm-none-eabi/lib/thumb/v7e-m+dp/hard\libc.a(lib_a-dtoa.o)
 .ARM.attributes
                0x00000761       0x32 c:/vsarm/armcc/bin/../lib/gcc/arm-none-eabi/9.3.1/../../../../arm-none-eabi/lib/thumb/v7e-m+dp/hard\libc.a(lib_a-fini.o)
 .ARM.attributes
                0x00000793       0x32 c:/vsarm/armcc/bin/../lib/gcc/arm-none-eabi/9.3.1/../../../../arm-none-eabi/lib/thumb/v7e-m+dp/hard\libc.a(lib_a-freer.o)
 .ARM.attributes
                0x000007c5       0x32 c:/vsarm/armcc/bin/../lib/gcc/arm-none-eabi/9.3.1/../../../../arm-none-eabi/lib/thumb/v7e-m+dp/hard\libc.a(lib_a-localeconv.o)
 .ARM.attributes
                0x000007f7       0x32 c:/vsarm/armcc/bin/../lib/gcc/arm-none-eabi/9.3.1/../../../../arm-none-eabi/lib/thumb/v7e-m+dp/hard\libc.a(lib_a-lock.o)
 .ARM.attributes
                0x00000829       0x32 c:/vsarm/armcc/bin/../lib/gcc/arm-none-eabi/9.3.1/../../../../arm-none-eabi/lib/thumb/v7e-m+dp/hard\libc.a(lib_a-mallocr.o)
 .ARM.attributes
                0x0000085b       0x1c c:/vsarm/armcc/bin/../lib/gcc/arm-none-eabi/9.3.1/../../../../arm-none-eabi/lib/thumb/v7e-m+dp/hard\libc.a(lib_a-memchr.o)
 .ARM.attributes
                0x00000877       0x1c c:/vsarm/armcc/bin/../lib/gcc/arm-none-eabi/9.3.1/../../../../arm-none-eabi/lib/thumb/v7e-m+dp/hard\libc.a(lib_a-memcpy.o)
 .ARM.attributes
                0x00000893       0x32 c:/vsarm/armcc/bin/../lib/gcc/arm-none-eabi/9.3.1/../../../../arm-none-eabi/lib/thumb/v7e-m+dp/hard\libc.a(lib_a-mlock.o)
 .ARM.attributes
                0x000008c5       0x32 c:/vsarm/armcc/bin/../lib/gcc/arm-none-eabi/9.3.1/../../../../arm-none-eabi/lib/thumb/v7e-m+dp/hard\libc.a(lib_a-mprec.o)
 .ARM.attributes
                0x000008f7       0x32 c:/vsarm/armcc/bin/../lib/gcc/arm-none-eabi/9.3.1/../../../../arm-none-eabi/lib/thumb/v7e-m+dp/hard\libc.a(lib_a-s_frexp.o)
 .ARM.attributes
                0x00000929       0x32 c:/vsarm/armcc/bin/../lib/gcc/arm-none-eabi/9.3.1/../../../../arm-none-eabi/lib/thumb/v7e-m+dp/hard\libc.a(lib_a-sbrkr.o)
 .ARM.attributes
                0x0000095b       0x32 c:/vsarm/armcc/bin/../lib/gcc/arm-none-eabi/9.3.1/../../../../arm-none-eabi/lib/thumb/v7e-m+dp/hard\libc.a(lib_a-strncpy.o)
 .ARM.attributes
                0x0000098d       0x32 c:/vsarm/armcc/bin/../lib/gcc/arm-none-eabi/9.3.1/../../../../arm-none-eabi/lib/thumb/v7e-m+dp/hard\libc.a(lib_a-svfiprintf.o)
 .ARM.attributes
                0x000009bf       0x32 c:/vsarm/armcc/bin/../lib/gcc/arm-none-eabi/9.3.1/../../../../arm-none-eabi/lib/thumb/v7e-m+dp/hard\libc.a(lib_a-__atexit.o)
 .ARM.attributes
                0x000009f1       0x32 c:/vsarm/armcc/bin/../lib/gcc/arm-none-eabi/9.3.1/../../../../arm-none-eabi/lib/thumb/v7e-m+dp/hard\libc.a(lib_a-assert.o)
 .ARM.attributes
                0x00000a23       0x32 c:/vsarm/armcc/bin/../lib/gcc/arm-none-eabi/9.3.1/../../../../arm-none-eabi/lib/thumb/v7e-m+dp/hard\libc.a(lib_a-callocr.o)
 .ARM.attributes
                0x00000a55       0x32 c:/vsarm/armcc/bin/../lib/gcc/arm-none-eabi/9.3.1/../../../../arm-none-eabi/lib/thumb/v7e-m+dp/hard\libc.a(lib_a-fiprintf.o)
 .ARM.attributes
                0x00000a87       0x32 c:/vsarm/armcc/bin/../lib/gcc/arm-none-eabi/9.3.1/../../../../arm-none-eabi/lib/thumb/v7e-m+dp/hard\libc.a(lib_a-locale.o)
 .ARM.attributes
                0x00000ab9       0x32 c:/vsarm/armcc/bin/../lib/gcc/arm-none-eabi/9.3.1/../../../../arm-none-eabi/lib/thumb/v7e-m+dp/hard\libc.a(lib_a-mbtowc_r.o)
 .ARM.attributes
                0x00000aeb       0x32 c:/vsarm/armcc/bin/../lib/gcc/arm-none-eabi/9.3.1/../../../../arm-none-eabi/lib/thumb/v7e-m+dp/hard\libc.a(lib_a-memmove.o)
 .ARM.attributes
                0x00000b1d       0x32 c:/vsarm/armcc/bin/../lib/gcc/arm-none-eabi/9.3.1/../../../../arm-none-eabi/lib/thumb/v7e-m+dp/hard\libc.a(lib_a-reallocr.o)
 .ARM.attributes
                0x00000b4f       0x32 c:/vsarm/armcc/bin/../lib/gcc/arm-none-eabi/9.3.1/../../../../arm-none-eabi/lib/thumb/v7e-m+dp/hard\libc.a(lib_a-reent.o)
 .ARM.attributes
                0x00000b81       0x32 c:/vsarm/armcc/bin/../lib/gcc/arm-none-eabi/9.3.1/../../../../arm-none-eabi/lib/thumb/v7e-m+dp/hard\libc.a(lib_a-vfiprintf.o)
 .ARM.attributes
                0x00000bb3       0x32 c:/vsarm/armcc/bin/../lib/gcc/arm-none-eabi/9.3.1/../../../../arm-none-eabi/lib/thumb/v7e-m+dp/hard\libc.a(lib_a-wctomb_r.o)
 .ARM.attributes
                0x00000be5       0x32 c:/vsarm/armcc/bin/../lib/gcc/arm-none-eabi/9.3.1/../../../../arm-none-eabi/lib/thumb/v7e-m+dp/hard\libc.a(lib_a-wsetup.o)
 .ARM.attributes
                0x00000c17       0x32 c:/vsarm/armcc/bin/../lib/gcc/arm-none-eabi/9.3.1/../../../../arm-none-eabi/lib/thumb/v7e-m+dp/hard\libc.a(lib_a-abort.o)
 .ARM.attributes
                0x00000c49       0x30 c:/vsarm/armcc/bin/../lib/gcc/arm-none-eabi/9.3.1/../../../../arm-none-eabi/lib/thumb/v7e-m+dp/hard\libc.a(lib_a-ctype_.o)
 .ARM.attributes
                0x00000c79       0x32 c:/vsarm/armcc/bin/../lib/gcc/arm-none-eabi/9.3.1/../../../../arm-none-eabi/lib/thumb/v7e-m+dp/hard\libc.a(lib_a-fflush.o)
 .ARM.attributes
                0x00000cab       0x32 c:/vsarm/armcc/bin/../lib/gcc/arm-none-eabi/9.3.1/../../../../arm-none-eabi/lib/thumb/v7e-m+dp/hard\libc.a(lib_a-findfp.o)
 .ARM.attributes
                0x00000cdd       0x32 c:/vsarm/armcc/bin/../lib/gcc/arm-none-eabi/9.3.1/../../../../arm-none-eabi/lib/thumb/v7e-m+dp/hard\libc.a(lib_a-fputwc.o)
 .ARM.attributes
                0x00000d0f       0x32 c:/vsarm/armcc/bin/../lib/gcc/arm-none-eabi/9.3.1/../../../../arm-none-eabi/lib/thumb/v7e-m+dp/hard\libc.a(lib_a-fvwrite.o)
 .ARM.attributes
                0x00000d41       0x32 c:/vsarm/armcc/bin/../lib/gcc/arm-none-eabi/9.3.1/../../../../arm-none-eabi/lib/thumb/v7e-m+dp/hard\libc.a(lib_a-fwalk.o)
 .ARM.attributes
                0x00000d73       0x32 c:/vsarm/armcc/bin/../lib/gcc/arm-none-eabi/9.3.1/../../../../arm-none-eabi/lib/thumb/v7e-m+dp/hard\libc.a(lib_a-makebuf.o)
 .ARM.attributes
                0x00000da5       0x32 c:/vsarm/armcc/bin/../lib/gcc/arm-none-eabi/9.3.1/../../../../arm-none-eabi/lib/thumb/v7e-m+dp/hard\libc.a(lib_a-signal.o)
 .ARM.attributes
                0x00000dd7       0x32 c:/vsarm/armcc/bin/../lib/gcc/arm-none-eabi/9.3.1/../../../../arm-none-eabi/lib/thumb/v7e-m+dp/hard\libc.a(lib_a-signalr.o)
 .ARM.attributes
                0x00000e09       0x32 c:/vsarm/armcc/bin/../lib/gcc/arm-none-eabi/9.3.1/../../../../arm-none-eabi/lib/thumb/v7e-m+dp/hard\libc.a(lib_a-stdio.o)
 .ARM.attributes
                0x00000e3b       0x32 c:/vsarm/armcc/bin/../lib/gcc/arm-none-eabi/9.3.1/../../../../arm-none-eabi/lib/thumb/v7e-m+dp/hard\libc.a(lib_a-wbuf.o)
 .ARM.attributes
                0x00000e6d       0x32 c:/vsarm/armcc/bin/../lib/gcc/arm-none-eabi/9.3.1/../../../../arm-none-eabi/lib/thumb/v7e-m+dp/hard\libc.a(lib_a-wcrtomb.o)
 .ARM.attributes
                0x00000e9f       0x32 c:/vsarm/armcc/bin/../lib/gcc/arm-none-eabi/9.3.1/../../../../arm-none-eabi/lib/thumb/v7e-m+dp/hard\libc.a(lib_a-writer.o)
 .ARM.attributes
                0x00000ed1       0x32 c:/vsarm/armcc/bin/../lib/gcc/arm-none-eabi/9.3.1/../../../../arm-none-eabi/lib/thumb/v7e-m+dp/hard\libc.a(lib_a-closer.o)
 .ARM.attributes
                0x00000f03       0x32 c:/vsarm/armcc/bin/../lib/gcc/arm-none-eabi/9.3.1/../../../../arm-none-eabi/lib/thumb/v7e-m+dp/hard\libc.a(lib_a-fclose.o)
 .ARM.attributes
                0x00000f35       0x32 c:/vsarm/armcc/bin/../lib/gcc/arm-none-eabi/9.3.1/../../../../arm-none-eabi/lib/thumb/v7e-m+dp/hard\libc.a(lib_a-fstatr.o)
 .ARM.attributes
                0x00000f67       0x32 c:/vsarm/armcc/bin/../lib/gcc/arm-none-eabi/9.3.1/../../../../arm-none-eabi/lib/thumb/v7e-m+dp/hard\libc.a(lib_a-isattyr.o)
 .ARM.attributes
                0x00000f99       0x32 c:/vsarm/armcc/bin/../lib/gcc/arm-none-eabi/9.3.1/../../../../arm-none-eabi/lib/thumb/v7e-m+dp/hard\libc.a(lib_a-lseekr.o)
 .ARM.attributes
                0x00000fcb       0x32 c:/vsarm/armcc/bin/../lib/gcc/arm-none-eabi/9.3.1/../../../../arm-none-eabi/lib/thumb/v7e-m+dp/hard\libc.a(lib_a-readr.o)
 .ARM.attributes
                0x00000ffd       0x32 c:/vsarm/armcc/bin/../lib/gcc/arm-none-eabi/9.3.1/../../../../arm-none-eabi/lib/thumb/v7e-m+dp/hard\libnosys.a(close.o)
 .ARM.attributes
                0x0000102f       0x32 c:/vsarm/armcc/bin/../lib/gcc/arm-none-eabi/9.3.1/../../../../arm-none-eabi/lib/thumb/v7e-m+dp/hard\libnosys.a(fstat.o)
 .ARM.attributes
                0x00001061       0x32 c:/vsarm/armcc/bin/../lib/gcc/arm-none-eabi/9.3.1/../../../../arm-none-eabi/lib/thumb/v7e-m+dp/hard\libnosys.a(getpid.o)
 .ARM.attributes
                0x00001093       0x32 c:/vsarm/armcc/bin/../lib/gcc/arm-none-eabi/9.3.1/../../../../arm-none-eabi/lib/thumb/v7e-m+dp/hard\libnosys.a(isatty.o)
 .ARM.attributes
                0x000010c5       0x32 c:/vsarm/armcc/bin/../lib/gcc/arm-none-eabi/9.3.1/../../../../arm-none-eabi/lib/thumb/v7e-m+dp/hard\libnosys.a(kill.o)
 .ARM.attributes
                0x000010f7       0x32 c:/vsarm/armcc/bin/../lib/gcc/arm-none-eabi/9.3.1/../../../../arm-none-eabi/lib/thumb/v7e-m+dp/hard\libnosys.a(lseek.o)
 .ARM.attributes
                0x00001129       0x32 c:/vsarm/armcc/bin/../lib/gcc/arm-none-eabi/9.3.1/../../../../arm-none-eabi/lib/thumb/v7e-m+dp/hard\libnosys.a(read.o)
 .ARM.attributes
                0x0000115b       0x32 c:/vsarm/armcc/bin/../lib/gcc/arm-none-eabi/9.3.1/../../../../arm-none-eabi/lib/thumb/v7e-m+dp/hard\libnosys.a(sbrk.o)
 .ARM.attributes
                0x0000118d       0x32 c:/vsarm/armcc/bin/../lib/gcc/arm-none-eabi/9.3.1/../../../../arm-none-eabi/lib/thumb/v7e-m+dp/hard\libnosys.a(write.o)
 .ARM.attributes
                0x000011bf       0x32 c:/vsarm/armcc/bin/../lib/gcc/arm-none-eabi/9.3.1/../../../../arm-none-eabi/lib/thumb/v7e-m+dp/hard\libnosys.a(_exit.o)
 .ARM.attributes
                0x000011f1       0x1e c:/vsarm/armcc/bin/../lib/gcc/arm-none-eabi/9.3.1/thumb/v7e-m+dp/hard\libgcc.a(_aeabi_uldivmod.o)
 .ARM.attributes
                0x0000120f       0x32 c:/vsarm/armcc/bin/../lib/gcc/arm-none-eabi/9.3.1/thumb/v7e-m+dp/hard\libgcc.a(_udivmoddi4.o)
 .ARM.attributes
                0x00001241       0x1e c:/vsarm/armcc/bin/../lib/gcc/arm-none-eabi/9.3.1/thumb/v7e-m+dp/hard\libgcc.a(_dvmd_tls.o)
 .ARM.attributes
                0x0000125f       0x1e c:/vsarm/armcc/bin/../lib/gcc/arm-none-eabi/9.3.1/thumb/v7e-m+dp/hard/crtn.o
OUTPUT(build/767_SPI_ILI9341_2.elf elf32-littlearm)
LOAD linker stubs
LOAD c:/vsarm/armcc/bin/../lib/gcc/arm-none-eabi/9.3.1/../../../../arm-none-eabi/lib/thumb/v7e-m+dp/hard\libc.a
LOAD c:/vsarm/armcc/bin/../lib/gcc/arm-none-eabi/9.3.1/../../../../arm-none-eabi/lib/thumb/v7e-m+dp/hard\libm.a
LOAD c:/vsarm/armcc/bin/../lib/gcc/arm-none-eabi/9.3.1/thumb/v7e-m+dp/hard\libgcc.a

.debug_info     0x00000000    0x2114d
 .debug_info    0x00000000      0xcec build/stm32f7xx_hal.o
 .debug_info    0x00000cec     0x14fc build/stm32f7xx_hal_cortex.o
 .debug_info    0x000021e8      0x958 build/stm32f7xx_hal_gpio.o
 .debug_info    0x00002b40     0x4161 build/stm32f7xx_hal_i2c.o
 .debug_info    0x00006ca1      0xbac build/stm32f7xx_hal_i2c_ex.o
 .debug_info    0x0000784d      0xb8f build/stm32f7xx_hal_pwr.o
 .debug_info    0x000083dc      0xbfd build/stm32f7xx_hal_pwr_ex.o
 .debug_info    0x00008fd9      0xd6c build/stm32f7xx_hal_rcc.o
 .debug_info    0x00009d45      0xa69 build/stm32f7xx_hal_rcc_ex.o
 .debug_info    0x0000a7ae      0x6bb build/stm32f7xx_hal_rng.o
 .debug_info    0x0000ae69     0x2376 build/stm32f7xx_hal_spi.o
 .debug_info    0x0000d1df     0x3b49 build/stm32f7xx_hal_tim.o
 .debug_info    0x00010d28     0x1aa6 build/stm32f7xx_hal_tim_ex.o
 .debug_info    0x000127ce     0x20dc build/stm32f7xx_hal_uart.o
 .debug_info    0x000148aa     0x1658 build/ILI9341_GFX.o
 .debug_info    0x00015f02     0x1c43 build/ILI9341_STM32_Driver.o
 .debug_info    0x00017b45      0x625 build/ILI9341_Touchscreen.o
 .debug_info    0x0001816a      0x7f0 build/gpio.o
 .debug_info    0x0001895a      0xcec build/i2c.o
 .debug_info    0x00019646     0x372b build/main.o
 .debug_info    0x0001cd71      0x5e9 build/rng.o
 .debug_info    0x0001d35a      0xc5a build/spi.o
 .debug_info    0x0001dfb4      0x418 build/stm32f7xx_hal_msp.o
 .debug_info    0x0001e3cc      0x80a build/stm32f7xx_it.o
 .debug_info    0x0001ebd6      0x88c build/system_stm32f7xx.o
 .debug_info    0x0001f462     0x100d build/tim.o
 .debug_info    0x0002046f      0xcbc build/usart.o
 .debug_info    0x0002112b       0x22 build/startup_stm32f767xx.o

.debug_abbrev   0x00000000     0x3d6a
 .debug_abbrev  0x00000000      0x21c build/stm32f7xx_hal.o
 .debug_abbrev  0x0000021c      0x3a8 build/stm32f7xx_hal_cortex.o
 .debug_abbrev  0x000005c4      0x258 build/stm32f7xx_hal_gpio.o
 .debug_abbrev  0x0000081c      0x2fc build/stm32f7xx_hal_i2c.o
 .debug_abbrev  0x00000b18      0x1e2 build/stm32f7xx_hal_i2c_ex.o
 .debug_abbrev  0x00000cfa      0x1f5 build/stm32f7xx_hal_pwr.o
 .debug_abbrev  0x00000eef      0x1de build/stm32f7xx_hal_pwr_ex.o
 .debug_abbrev  0x000010cd      0x2f5 build/stm32f7xx_hal_rcc.o
 .debug_abbrev  0x000013c2      0x203 build/stm32f7xx_hal_rcc_ex.o
 .debug_abbrev  0x000015c5      0x220 build/stm32f7xx_hal_rng.o
 .debug_abbrev  0x000017e5      0x2b8 build/stm32f7xx_hal_spi.o
 .debug_abbrev  0x00001a9d      0x2af build/stm32f7xx_hal_tim.o
 .debug_abbrev  0x00001d4c      0x2ab build/stm32f7xx_hal_tim_ex.o
 .debug_abbrev  0x00001ff7      0x2ac build/stm32f7xx_hal_uart.o
 .debug_abbrev  0x000022a3      0x2bc build/ILI9341_GFX.o
 .debug_abbrev  0x0000255f      0x292 build/ILI9341_STM32_Driver.o
 .debug_abbrev  0x000027f1      0x1ae build/ILI9341_Touchscreen.o
 .debug_abbrev  0x0000299f      0x17e build/gpio.o
 .debug_abbrev  0x00002b1d      0x1fc build/i2c.o
 .debug_abbrev  0x00002d19      0x498 build/main.o
 .debug_abbrev  0x000031b1      0x1c4 build/rng.o
 .debug_abbrev  0x00003375      0x1f1 build/spi.o
 .debug_abbrev  0x00003566      0x11c build/stm32f7xx_hal_msp.o
 .debug_abbrev  0x00003682      0x190 build/stm32f7xx_it.o
 .debug_abbrev  0x00003812      0x159 build/system_stm32f7xx.o
 .debug_abbrev  0x0000396b      0x1fc build/tim.o
 .debug_abbrev  0x00003b67      0x1f1 build/usart.o
 .debug_abbrev  0x00003d58       0x12 build/startup_stm32f767xx.o

.debug_loc      0x00000000    0x14fd1
 .debug_loc     0x00000000      0x1cc build/stm32f7xx_hal.o
 .debug_loc     0x000001cc      0x7c4 build/stm32f7xx_hal_cortex.o
 .debug_loc     0x00000990      0x5e1 build/stm32f7xx_hal_gpio.o
 .debug_loc     0x00000f71     0x50a1 build/stm32f7xx_hal_i2c.o
 .debug_loc     0x00006012      0x19c build/stm32f7xx_hal_i2c_ex.o
 .debug_loc     0x000061ae       0xa5 build/stm32f7xx_hal_pwr.o
 .debug_loc     0x00006253      0x3ca build/stm32f7xx_hal_pwr_ex.o
 .debug_loc     0x0000661d      0x7c1 build/stm32f7xx_hal_rcc.o
 .debug_loc     0x00006dde      0x973 build/stm32f7xx_hal_rcc_ex.o
 .debug_loc     0x00007751      0x474 build/stm32f7xx_hal_rng.o
 .debug_loc     0x00007bc5     0x25d3 build/stm32f7xx_hal_spi.o
 .debug_loc     0x0000a198     0x48a7 build/stm32f7xx_hal_tim.o
 .debug_loc     0x0000ea3f     0x1d13 build/stm32f7xx_hal_tim_ex.o
 .debug_loc     0x00010752     0x1f16 build/stm32f7xx_hal_uart.o
 .debug_loc     0x00012668      0xf8e build/ILI9341_GFX.o
 .debug_loc     0x000135f6      0x833 build/ILI9341_STM32_Driver.o
 .debug_loc     0x00013e29      0x345 build/ILI9341_Touchscreen.o
 .debug_loc     0x0001416e       0x39 build/gpio.o
 .debug_loc     0x000141a7      0x108 build/i2c.o
 .debug_loc     0x000142af      0x752 build/main.o
 .debug_loc     0x00014a01       0x4c build/rng.o
 .debug_loc     0x00014a4d      0x108 build/spi.o
 .debug_loc     0x00014b55       0x2c build/stm32f7xx_hal_msp.o
 .debug_loc     0x00014b81       0x40 build/stm32f7xx_it.o
 .debug_loc     0x00014bc1      0x198 build/system_stm32f7xx.o
 .debug_loc     0x00014d59      0x170 build/tim.o
 .debug_loc     0x00014ec9      0x108 build/usart.o

.debug_aranges  0x00000000     0x13a0
 .debug_aranges
                0x00000000      0x110 build/stm32f7xx_hal.o
 .debug_aranges
                0x00000110       0xa8 build/stm32f7xx_hal_cortex.o
 .debug_aranges
                0x000001b8       0x58 build/stm32f7xx_hal_gpio.o
 .debug_aranges
                0x00000210      0x288 build/stm32f7xx_hal_i2c.o
 .debug_aranges
                0x00000498       0x38 build/stm32f7xx_hal_i2c_ex.o
 .debug_aranges
                0x000004d0       0xa0 build/stm32f7xx_hal_pwr.o
 .debug_aranges
                0x00000570       0x80 build/stm32f7xx_hal_pwr_ex.o
 .debug_aranges
                0x000005f0       0x88 build/stm32f7xx_hal_rcc.o
 .debug_aranges
                0x00000678       0x50 build/stm32f7xx_hal_rcc_ex.o
 .debug_aranges
                0x000006c8       0x88 build/stm32f7xx_hal_rng.o
 .debug_aranges
                0x00000750      0x1d8 build/stm32f7xx_hal_spi.o
 .debug_aranges
                0x00000928      0x3b8 build/stm32f7xx_hal_tim.o
 .debug_aranges
                0x00000ce0      0x168 build/stm32f7xx_hal_tim_ex.o
 .debug_aranges
                0x00000e48      0x1f8 build/stm32f7xx_hal_uart.o
 .debug_aranges
                0x00001040       0x50 build/ILI9341_GFX.o
 .debug_aranges
                0x00001090       0x98 build/ILI9341_STM32_Driver.o
 .debug_aranges
                0x00001128       0x38 build/ILI9341_Touchscreen.o
 .debug_aranges
                0x00001160       0x20 build/gpio.o
 .debug_aranges
                0x00001180       0x30 build/i2c.o
 .debug_aranges
                0x000011b0       0x90 build/main.o
 .debug_aranges
                0x00001240       0x30 build/rng.o
 .debug_aranges
                0x00001270       0x30 build/spi.o
 .debug_aranges
                0x000012a0       0x20 build/stm32f7xx_hal_msp.o
 .debug_aranges
                0x000012c0       0x28 build/stm32f7xx_it.o
 .debug_aranges
                0x000012e8       0x28 build/system_stm32f7xx.o
 .debug_aranges
                0x00001310       0x38 build/tim.o
 .debug_aranges
                0x00001348       0x30 build/usart.o
 .debug_aranges
                0x00001378       0x28 build/startup_stm32f767xx.o

.debug_ranges   0x00000000     0x1310
 .debug_ranges  0x00000000      0x100 build/stm32f7xx_hal.o
 .debug_ranges  0x00000100       0xf8 build/stm32f7xx_hal_cortex.o
 .debug_ranges  0x000001f8       0x48 build/stm32f7xx_hal_gpio.o
 .debug_ranges  0x00000240      0x278 build/stm32f7xx_hal_i2c.o
 .debug_ranges  0x000004b8       0x28 build/stm32f7xx_hal_i2c_ex.o
 .debug_ranges  0x000004e0       0x90 build/stm32f7xx_hal_pwr.o
 .debug_ranges  0x00000570       0x70 build/stm32f7xx_hal_pwr_ex.o
 .debug_ranges  0x000005e0       0x78 build/stm32f7xx_hal_rcc.o
 .debug_ranges  0x00000658       0x40 build/stm32f7xx_hal_rcc_ex.o
 .debug_ranges  0x00000698       0x78 build/stm32f7xx_hal_rng.o
 .debug_ranges  0x00000710      0x1c8 build/stm32f7xx_hal_spi.o
 .debug_ranges  0x000008d8      0x3a8 build/stm32f7xx_hal_tim.o
 .debug_ranges  0x00000c80      0x158 build/stm32f7xx_hal_tim_ex.o
 .debug_ranges  0x00000dd8      0x1e8 build/stm32f7xx_hal_uart.o
 .debug_ranges  0x00000fc0       0xd0 build/ILI9341_GFX.o
 .debug_ranges  0x00001090       0x88 build/ILI9341_STM32_Driver.o
 .debug_ranges  0x00001118       0x28 build/ILI9341_Touchscreen.o
 .debug_ranges  0x00001140       0x10 build/gpio.o
 .debug_ranges  0x00001150       0x20 build/i2c.o
 .debug_ranges  0x00001170       0xb8 build/main.o
 .debug_ranges  0x00001228       0x20 build/rng.o
 .debug_ranges  0x00001248       0x20 build/spi.o
 .debug_ranges  0x00001268       0x10 build/stm32f7xx_hal_msp.o
 .debug_ranges  0x00001278       0x18 build/stm32f7xx_it.o
 .debug_ranges  0x00001290       0x18 build/system_stm32f7xx.o
 .debug_ranges  0x000012a8       0x28 build/tim.o
 .debug_ranges  0x000012d0       0x20 build/usart.o
 .debug_ranges  0x000012f0       0x20 build/startup_stm32f767xx.o

.debug_line     0x00000000    0x14ce9
 .debug_line    0x00000000      0x568 build/stm32f7xx_hal.o
 .debug_line    0x00000568      0x759 build/stm32f7xx_hal_cortex.o
 .debug_line    0x00000cc1      0x6e0 build/stm32f7xx_hal_gpio.o
 .debug_line    0x000013a1     0x472e build/stm32f7xx_hal_i2c.o
 .debug_line    0x00005acf      0x386 build/stm32f7xx_hal_i2c_ex.o
 .debug_line    0x00005e55      0x43d build/stm32f7xx_hal_pwr.o
 .debug_line    0x00006292      0x527 build/stm32f7xx_hal_pwr_ex.o
 .debug_line    0x000067b9      0xc1e build/stm32f7xx_hal_rcc.o
 .debug_line    0x000073d7      0xc11 build/stm32f7xx_hal_rcc_ex.o
 .debug_line    0x00007fe8      0x56b build/stm32f7xx_hal_rng.o
 .debug_line    0x00008553     0x27de build/stm32f7xx_hal_spi.o
 .debug_line    0x0000ad31     0x37ba build/stm32f7xx_hal_tim.o
 .debug_line    0x0000e4eb     0x13a0 build/stm32f7xx_hal_tim_ex.o
 .debug_line    0x0000f88b     0x1f58 build/stm32f7xx_hal_uart.o
 .debug_line    0x000117e3      0x8e3 build/ILI9341_GFX.o
 .debug_line    0x000120c6      0x640 build/ILI9341_STM32_Driver.o
 .debug_line    0x00012706      0x366 build/ILI9341_Touchscreen.o
 .debug_line    0x00012a6c      0x329 build/gpio.o
 .debug_line    0x00012d95      0x2fc build/i2c.o
 .debug_line    0x00013091      0xab9 build/main.o
 .debug_line    0x00013b4a      0x210 build/rng.o
 .debug_line    0x00013d5a      0x2ee build/spi.o
 .debug_line    0x00014048      0x17c build/stm32f7xx_hal_msp.o
 .debug_line    0x000141c4      0x1ce build/stm32f7xx_it.o
 .debug_line    0x00014392      0x26f build/system_stm32f7xx.o
 .debug_line    0x00014601      0x3a1 build/tim.o
 .debug_line    0x000149a2      0x2d3 build/usart.o
 .debug_line    0x00014c75       0x74 build/startup_stm32f767xx.o

.debug_str      0x00000000     0x6015
 .debug_str     0x00000000      0xd1b build/stm32f7xx_hal.o
                                0xd84 (size before relaxing)
 .debug_str     0x00000d1b      0x562 build/stm32f7xx_hal_cortex.o
                                0xef0 (size before relaxing)
 .debug_str     0x0000127d      0x1aa build/stm32f7xx_hal_gpio.o
                                0x5b4 (size before relaxing)
 .debug_str     0x00001427      0xd35 build/stm32f7xx_hal_i2c.o
                               0x1093 (size before relaxing)
 .debug_str     0x0000215c       0xc1 build/stm32f7xx_hal_i2c_ex.o
                                0x9b8 (size before relaxing)
 .debug_str     0x0000221d      0x22b build/stm32f7xx_hal_pwr.o
                                0x6f4 (size before relaxing)
 .debug_str     0x00002448      0x1e1 build/stm32f7xx_hal_pwr_ex.o
                                0x703 (size before relaxing)
 .debug_str     0x00002629      0x2db build/stm32f7xx_hal_rcc.o
                                0x79b (size before relaxing)
 .debug_str     0x00002904      0x3f8 build/stm32f7xx_hal_rcc_ex.o
                                0x7f0 (size before relaxing)
 .debug_str     0x00002cfc      0x21c build/stm32f7xx_hal_rng.o
                                0x522 (size before relaxing)
 .debug_str     0x00002f18      0x72c build/stm32f7xx_hal_spi.o
                                0xcd8 (size before relaxing)
 .debug_str     0x00003644     0x107b build/stm32f7xx_hal_tim.o
                               0x15f3 (size before relaxing)
 .debug_str     0x000046bf      0x641 build/stm32f7xx_hal_tim_ex.o
                                0xf05 (size before relaxing)
 .debug_str     0x00004d00      0x7ed build/stm32f7xx_hal_uart.o
                                0xf7f (size before relaxing)
 .debug_str     0x000054ed      0x228 build/ILI9341_GFX.o
                                0x963 (size before relaxing)
 .debug_str     0x00005715      0x1ac build/ILI9341_STM32_Driver.o
                                0x989 (size before relaxing)
 .debug_str     0x000058c1       0x95 build/ILI9341_Touchscreen.o
                                0x38c (size before relaxing)
 .debug_str     0x00005956        0xb build/gpio.o
                                0x44d (size before relaxing)
 .debug_str     0x00005961       0x35 build/i2c.o
                                0x9d0 (size before relaxing)
 .debug_str     0x00005996      0x576 build/main.o
                               0x1bed (size before relaxing)
 .debug_str     0x00005f0c       0x14 build/rng.o
                                0x4eb (size before relaxing)
 .debug_str     0x00005f20       0x14 build/spi.o
                                0x8df (size before relaxing)
 .debug_str     0x00005f34       0x18 build/stm32f7xx_hal_msp.o
                                0x39c (size before relaxing)
 .debug_str     0x00005f4c       0x33 build/stm32f7xx_it.o
                                0x716 (size before relaxing)
 .debug_str     0x00005f7f       0x42 build/system_stm32f7xx.o
                                0x4e1 (size before relaxing)
 .debug_str     0x00005fc1       0x19 build/tim.o
                               0x1003 (size before relaxing)
 .debug_str     0x00005fda       0x17 build/usart.o
                                0x8d2 (size before relaxing)
 .debug_str     0x00005ff1       0x24 build/startup_stm32f767xx.o
                                 0x56 (size before relaxing)

.comment        0x00000000       0x4c
 .comment       0x00000000       0x4c build/stm32f7xx_hal.o
                                 0x4d (size before relaxing)
 .comment       0x0000004c       0x4d build/stm32f7xx_hal_cortex.o
 .comment       0x0000004c       0x4d build/stm32f7xx_hal_gpio.o
 .comment       0x0000004c       0x4d build/stm32f7xx_hal_i2c.o
 .comment       0x0000004c       0x4d build/stm32f7xx_hal_i2c_ex.o
 .comment       0x0000004c       0x4d build/stm32f7xx_hal_pwr.o
 .comment       0x0000004c       0x4d build/stm32f7xx_hal_pwr_ex.o
 .comment       0x0000004c       0x4d build/stm32f7xx_hal_rcc.o
 .comment       0x0000004c       0x4d build/stm32f7xx_hal_rcc_ex.o
 .comment       0x0000004c       0x4d build/stm32f7xx_hal_rng.o
 .comment       0x0000004c       0x4d build/stm32f7xx_hal_spi.o
 .comment       0x0000004c       0x4d build/stm32f7xx_hal_tim.o
 .comment       0x0000004c       0x4d build/stm32f7xx_hal_tim_ex.o
 .comment       0x0000004c       0x4d build/stm32f7xx_hal_uart.o
 .comment       0x0000004c       0x4d build/ILI9341_GFX.o
 .comment       0x0000004c       0x4d build/ILI9341_STM32_Driver.o
 .comment       0x0000004c       0x4d build/ILI9341_Touchscreen.o
 .comment       0x0000004c       0x4d build/gpio.o
 .comment       0x0000004c       0x4d build/i2c.o
 .comment       0x0000004c       0x4d build/main.o
 .comment       0x0000004c       0x4d build/rng.o
 .comment       0x0000004c       0x4d build/spi.o
 .comment       0x0000004c       0x4d build/stm32f7xx_hal_msp.o
 .comment       0x0000004c       0x4d build/stm32f7xx_it.o
 .comment       0x0000004c       0x4d build/system_stm32f7xx.o
 .comment       0x0000004c       0x4d build/tim.o
 .comment       0x0000004c       0x4d build/usart.o

.debug_frame    0x00000000     0x4ac4
 .debug_frame   0x00000000      0x22c build/stm32f7xx_hal.o
 .debug_frame   0x0000022c      0x15c build/stm32f7xx_hal_cortex.o
 .debug_frame   0x00000388       0xd8 build/stm32f7xx_hal_gpio.o
 .debug_frame   0x00000460      0x920 build/stm32f7xx_hal_i2c.o
 .debug_frame   0x00000d80       0x60 build/stm32f7xx_hal_i2c_ex.o
 .debug_frame   0x00000de0      0x134 build/stm32f7xx_hal_pwr.o
 .debug_frame   0x00000f14      0x134 build/stm32f7xx_hal_pwr_ex.o
 .debug_frame   0x00001048      0x180 build/stm32f7xx_hal_rcc.o
 .debug_frame   0x000011c8       0xcc build/stm32f7xx_hal_rcc_ex.o
 .debug_frame   0x00001294      0x128 build/stm32f7xx_hal_rng.o
 .debug_frame   0x000013bc      0x5c0 build/stm32f7xx_hal_spi.o
 .debug_frame   0x0000197c      0xae4 build/stm32f7xx_hal_tim.o
 .debug_frame   0x00002460      0x418 build/stm32f7xx_hal_tim_ex.o
 .debug_frame   0x00002878      0x590 build/stm32f7xx_hal_uart.o
 .debug_frame   0x00002e08      0x128 build/ILI9341_GFX.o
 .debug_frame   0x00002f30      0x1e8 build/ILI9341_STM32_Driver.o